Archive member included to satisfy reference by file (symbol)

out/arm/core/lib/libtomcrypt/libtomcrypt.a(tee_ltc_provider.o)
                              out/arm/core/arch/arm/kernel/ree_fs_ta.o (crypto_ops)
out/arm/core/lib/libtomcrypt/libtomcrypt.a(aes.o)
                              out/arm/core/lib/libtomcrypt/libtomcrypt.a(tee_ltc_provider.o) (aes_desc)
out/arm/core/lib/libtomcrypt/libtomcrypt.a(des.o)
                              out/arm/core/lib/libtomcrypt/libtomcrypt.a(tee_ltc_provider.o) (des3_desc)
out/arm/core/lib/libtomcrypt/libtomcrypt.a(ccm_init.o)
                              out/arm/core/lib/libtomcrypt/libtomcrypt.a(tee_ltc_provider.o) (ccm_init)
out/arm/core/lib/libtomcrypt/libtomcrypt.a(ccm_add_nonce.o)
                              out/arm/core/lib/libtomcrypt/libtomcrypt.a(tee_ltc_provider.o) (ccm_add_nonce)
out/arm/core/lib/libtomcrypt/libtomcrypt.a(ccm_add_aad.o)
                              out/arm/core/lib/libtomcrypt/libtomcrypt.a(tee_ltc_provider.o) (ccm_add_aad)
out/arm/core/lib/libtomcrypt/libtomcrypt.a(ccm_process.o)
                              out/arm/core/lib/libtomcrypt/libtomcrypt.a(tee_ltc_provider.o) (ccm_process)
out/arm/core/lib/libtomcrypt/libtomcrypt.a(ccm_done.o)
                              out/arm/core/lib/libtomcrypt/libtomcrypt.a(tee_ltc_provider.o) (ccm_done)
out/arm/core/lib/libtomcrypt/libtomcrypt.a(ccm_reset.o)
                              out/arm/core/lib/libtomcrypt/libtomcrypt.a(tee_ltc_provider.o) (ccm_reset)
out/arm/core/lib/libtomcrypt/libtomcrypt.a(gcm_add_aad.o)
                              out/arm/core/lib/libtomcrypt/libtomcrypt.a(tee_ltc_provider.o) (gcm_add_aad)
out/arm/core/lib/libtomcrypt/libtomcrypt.a(gcm_add_iv.o)
                              out/arm/core/lib/libtomcrypt/libtomcrypt.a(tee_ltc_provider.o) (gcm_add_iv)
out/arm/core/lib/libtomcrypt/libtomcrypt.a(gcm_done.o)
                              out/arm/core/lib/libtomcrypt/libtomcrypt.a(tee_ltc_provider.o) (gcm_done)
out/arm/core/lib/libtomcrypt/libtomcrypt.a(gcm_init.o)
                              out/arm/core/lib/libtomcrypt/libtomcrypt.a(tee_ltc_provider.o) (gcm_init)
out/arm/core/lib/libtomcrypt/libtomcrypt.a(gcm_mult_h.o)
                              out/arm/core/lib/libtomcrypt/libtomcrypt.a(gcm_add_aad.o) (gcm_mult_h)
out/arm/core/lib/libtomcrypt/libtomcrypt.a(gcm_process.o)
                              out/arm/core/lib/libtomcrypt/libtomcrypt.a(tee_ltc_provider.o) (gcm_process)
out/arm/core/lib/libtomcrypt/libtomcrypt.a(gcm_reset.o)
                              out/arm/core/lib/libtomcrypt/libtomcrypt.a(tee_ltc_provider.o) (gcm_reset)
out/arm/core/lib/libtomcrypt/libtomcrypt.a(md5.o)
                              out/arm/core/lib/libtomcrypt/libtomcrypt.a(tee_ltc_provider.o) (md5_desc)
out/arm/core/lib/libtomcrypt/libtomcrypt.a(sha1.o)
                              out/arm/core/lib/libtomcrypt/libtomcrypt.a(tee_ltc_provider.o) (sha1_desc)
out/arm/core/lib/libtomcrypt/libtomcrypt.a(sha224.o)
                              out/arm/core/lib/libtomcrypt/libtomcrypt.a(tee_ltc_provider.o) (sha224_desc)
out/arm/core/lib/libtomcrypt/libtomcrypt.a(sha256.o)
                              out/arm/core/lib/libtomcrypt/libtomcrypt.a(tee_ltc_provider.o) (sha256_init)
out/arm/core/lib/libtomcrypt/libtomcrypt.a(sha384.o)
                              out/arm/core/lib/libtomcrypt/libtomcrypt.a(tee_ltc_provider.o) (sha384_desc)
out/arm/core/lib/libtomcrypt/libtomcrypt.a(sha512.o)
                              out/arm/core/lib/libtomcrypt/libtomcrypt.a(sha384.o) (sha512_done)
out/arm/core/lib/libtomcrypt/libtomcrypt.a(hmac_done.o)
                              out/arm/core/lib/libtomcrypt/libtomcrypt.a(tee_ltc_provider.o) (hmac_done)
out/arm/core/lib/libtomcrypt/libtomcrypt.a(hmac_init.o)
                              out/arm/core/lib/libtomcrypt/libtomcrypt.a(tee_ltc_provider.o) (hmac_init)
out/arm/core/lib/libtomcrypt/libtomcrypt.a(hmac_process.o)
                              out/arm/core/lib/libtomcrypt/libtomcrypt.a(tee_ltc_provider.o) (hmac_process)
out/arm/core/lib/libtomcrypt/libtomcrypt.a(omac_done.o)
                              out/arm/core/lib/libtomcrypt/libtomcrypt.a(tee_ltc_provider.o) (omac_done)
out/arm/core/lib/libtomcrypt/libtomcrypt.a(omac_init.o)
                              out/arm/core/lib/libtomcrypt/libtomcrypt.a(tee_ltc_provider.o) (omac_init)
out/arm/core/lib/libtomcrypt/libtomcrypt.a(omac_process.o)
                              out/arm/core/lib/libtomcrypt/libtomcrypt.a(tee_ltc_provider.o) (omac_process)
out/arm/core/lib/libtomcrypt/libtomcrypt.a(multi.o)
                              out/arm/core/lib/libtomcrypt/libtomcrypt.a(tee_ltc_provider.o) (ltc_init_multi)
out/arm/core/lib/libtomcrypt/libtomcrypt.a(zeromem.o)
                              out/arm/core/lib/libtomcrypt/libtomcrypt.a(ccm_reset.o) (zeromem)
out/arm/core/lib/libtomcrypt/libtomcrypt.a(crypt_cipher_descriptor.o)
[...]
Memory Configuration

Name             Origin             Length             Attributes
*default*        0x0000000000000000 0xffffffffffffffff

Linker script and memory map

                0x0000000006000000                . = 0x6000000
                0x0000000006000000                __text_start = .
                0x0000000006000000                __flatmap_unpg_rx_start = ((__text_start / 0x1000) * 0x1000)

.text           0x0000000006000000    0x57f00
 *(SORT(.text.boot.vectab1))
 *(SORT(.text.boot.vectab2))
 *(SORT(.text.boot))
 .text.boot     0x0000000006000000       0xec out/arm/core/arch/arm/kernel/generic_entry_a64.o
                0x0000000006000000                _start
                0x00000000060000f0                . = ALIGN (0x8)
 *fill*         0x00000000060000ec        0x4 
                0x00000000060000f0                __initcall_start = .
 *(SORT(.initcall1))
 .initcall1     0x00000000060000f0        0x8 out/arm/core/arch/arm/kernel/ree_fs_ta.o
 .initcall1     0x00000000060000f8        0x8 out/arm/core/arch/arm/kernel/pseudo_ta.o
 .initcall1     0x0000000006000100        0x8 out/arm/core/arch/arm/mm/mobj.o
 .initcall1     0x0000000006000108        0x8 out/arm/core/tee/tee_cryp_utl.o
 *(SORT(.initcall2))
 .initcall2     0x0000000006000110        0x8 out/arm/core/tee/tee_fs_key_manager.o
 *(SORT(.initcall3))
 .initcall3     0x0000000006000118       0x10 out/arm/core/arch/arm/kernel/ipi.o
 .initcall3     0x0000000006000128       0x10 out/arm/core/arch/arm/plat-vexpress/main.o
 *(SORT(.initcall4))
 .initcall4     0x0000000006000138        0x8 out/arm/core/arch/arm/tee/entry_std.o
                0x0000000006000140                __initcall_end = .
 *(SORT(.text) SORT(.text.*))
 *fill*         0x0000000006000140      0x6c0 
 .text.thread_asm
                0x0000000006000800     0x14d8 out/arm/core/arch/arm/kernel/thread_a64.o
                0x000000000600093c                thread_vector_table
                0x0000000006000960                thread_resume
                0x00000000060009b8                thread_std_smc_entry
                0x0000000006000a0c                thread_rpc
                0x0000000006000a94                thread_init_vbar
                0x0000000006000aa0                __thread_enter_user_mode
                0x0000000006000afc                thread_unwind_user_mode
                0x0000000006001bc4                call_resume
                0x0000000006001c08                proc_resume
                0x0000000006001c60                proc_load_entry
 *fill*         0x0000000006001cd8      0x328 
 .text.cpu_on_handler
                0x0000000006002000      0xf84 out/arm/core/arch/arm/kernel/generic_entry_a64.o
                0x0000000006002000                cpu_on_handler
 *fill*         0x0000000006002f84       0x7c 
 .text          0x0000000006003000     0x1484 out/arm/core/arch/arm/kernel/tee_proc_a64.o
                0x0000000006003000                proc_init_vbar
                0x00000000060043b0                init_cpu_local
                0x00000000060043d4                save_migrate_context
                0x0000000006004470                switch_migrate_stack
 .text.read_daif
                0x0000000006004484       0x18 out/arm/core/arch/arm/kernel/user_ta.o
 .text.pgt_flush_ctx
                0x000000000600449c       0x14 out/arm/core/arch/arm/kernel/user_ta.o
 .text.is_user_ta_ctx
                0x00000000060044b0       0x28 out/arm/core/arch/arm/kernel/user_ta.o
 .text.to_user_ta_ctx
                0x00000000060044d8       0x68 out/arm/core/arch/arm/kernel/user_ta.o
 .text.mobj_get_va
                0x0000000006004540       0x68 out/arm/core/arch/arm/kernel/user_ta.o
 .text.mobj_get_pa
                0x00000000060045a8       0x78 out/arm/core/arch/arm/kernel/user_ta.o
 .text.mobj_free
                0x0000000006004620       0x5c out/arm/core/arch/arm/kernel/user_ta.o
 .text.tee_pager_rem_uta_areas
                0x000000000600467c       0x14 out/arm/core/arch/arm/kernel/user_ta.o
 .text.tee_svc_kaddr_to_uref
                0x0000000006004690       0x74 out/arm/core/arch/arm/kernel/user_ta.o
 .text.elf_flags_to_mattr
                0x0000000006004704       0x88 out/arm/core/arch/arm/kernel/user_ta.o
 .text.config_initial_paging
                0x000000000600478c       0x14 out/arm/core/arch/arm/kernel/user_ta.o
 .text.config_final_paging
                0x00000000060047a0       0x68 out/arm/core/arch/arm/kernel/user_ta.o
 .text.load_elf_segments
                0x0000000006004808      0x144 out/arm/core/arch/arm/kernel/user_ta.o
 .text.alloc_ta_mem
                0x000000000600494c       0x38 out/arm/core/arch/arm/kernel/user_ta.o
 .text.load_elf
                0x0000000006004984      0x1f4 out/arm/core/arch/arm/kernel/user_ta.o
 .text.ta_load  0x0000000006004b78      0x34c out/arm/core/arch/arm/kernel/user_ta.o
 .text.init_utee_param
                0x0000000006004ec4      0x16c out/arm/core/arch/arm/kernel/user_ta.o
 .text.update_from_utee_param
                0x0000000006005030      0x130 out/arm/core/arch/arm/kernel/user_ta.o
 .text.clear_vfp_state
                0x0000000006005160       0x24 out/arm/core/arch/arm/kernel/user_ta.o
 .text.user_ta_enter
                0x0000000006005184      0x22c out/arm/core/arch/arm/kernel/user_ta.o
 .text.user_ta_enter_open_session
                0x00000000060053b0       0x34 out/arm/core/arch/arm/kernel/user_ta.o
 .text.user_ta_enter_invoke_cmd
                0x00000000060053e4       0x38 out/arm/core/arch/arm/kernel/user_ta.o
 .text.user_ta_enter_close_session
                0x000000000600541c       0x50 out/arm/core/arch/arm/kernel/user_ta.o
 .text.user_ta_dump_state
                0x000000000600546c      0x1f8 out/arm/core/arch/arm/kernel/user_ta.o
 .text.user_ta_ctx_destroy
                0x0000000006005664      0x184 out/arm/core/arch/arm/kernel/user_ta.o
 .text.user_ta_get_instance_id
                0x00000000060057e8       0x20 out/arm/core/arch/arm/kernel/user_ta.o
 .text.tee_ta_register_ta_store
                0x0000000006005808       0x24 out/arm/core/arch/arm/kernel/user_ta.o
                0x0000000006005808                tee_ta_register_ta_store
 .text.tee_ta_init_user_ta_session
                0x000000000600582c       0xa4 out/arm/core/arch/arm/kernel/user_ta.o
                0x000000000600582c                tee_ta_init_user_ta_session
 .text.sn_config_initial_paging
                0x00000000060058d0       0x14 out/arm/core/arch/arm/kernel/user_ta.o
 .text.sn_config_final_paging
                0x00000000060058e4       0x74 out/arm/core/arch/arm/kernel/user_ta.o
 .text.sn_load_elf_segments
                0x0000000006005958      0x114 out/arm/core/arch/arm/kernel/user_ta.o
 .text.sn_load_elf
                0x0000000006005a6c      0x1a0 out/arm/core/arch/arm/kernel/user_ta.o
 .text.tee_ta_load
                0x0000000006005c0c      0x14c out/arm/core/arch/arm/kernel/user_ta.o
                0x0000000006005c0c                tee_ta_load
 .text.mobj_get_va
                0x0000000006005d58       0x68 out/arm/core/arch/arm/kernel/ree_fs_ta.o
 .text.alloc_and_copy_shdr
                0x0000000006005dc0       0xf8 out/arm/core/arch/arm/kernel/ree_fs_ta.o
 .text.check_shdr
                0x0000000006005eb8      0x274 out/arm/core/arch/arm/kernel/ree_fs_ta.o
 .text.rpc_load
                0x000000000600612c      0x1f4 out/arm/core/arch/arm/kernel/ree_fs_ta.o
 .text.ta_open  0x0000000006006320      0x2fc out/arm/core/arch/arm/kernel/ree_fs_ta.o
 .text.ta_get_size
                0x000000000600661c       0x30 out/arm/core/arch/arm/kernel/ree_fs_ta.o
 .text.check_digest
                0x000000000600664c       0xfc out/arm/core/arch/arm/kernel/ree_fs_ta.o
 .text.ta_read  0x0000000006006748      0x110 out/arm/core/arch/arm/kernel/ree_fs_ta.o
 .text.ta_close
                0x0000000006006858       0x64 out/arm/core/arch/arm/kernel/ree_fs_ta.o
 .text.register_supplicant_user_ta
                0x00000000060068bc       0x1c out/arm/core/arch/arm/kernel/ree_fs_ta.o
 .text.is_pseudo_ta_ctx
                0x00000000060068d8       0x28 out/arm/core/arch/arm/kernel/pseudo_ta.o
 .text.to_pseudo_ta_ctx
                0x0000000006006900       0x68 out/arm/core/arch/arm/kernel/pseudo_ta.o
 .text.mobj_get_va
                0x0000000006006968       0x68 out/arm/core/arch/arm/kernel/pseudo_ta.o
 .text.validate_in_param
                0x00000000060069d0       0x18 out/arm/core/arch/arm/kernel/pseudo_ta.o
 .text.copy_in_param
                0x00000000060069e8      0x200 out/arm/core/arch/arm/kernel/pseudo_ta.o
 .text.update_out_param
                0x0000000006006be8      0x11c out/arm/core/arch/arm/kernel/pseudo_ta.o
 .text.pseudo_ta_enter_open_session
                0x0000000006006d04      0x124 out/arm/core/arch/arm/kernel/pseudo_ta.o
 .text.pseudo_ta_enter_invoke_cmd
                0x0000000006006e28       0xc4 out/arm/core/arch/arm/kernel/pseudo_ta.o
 .text.pseudo_ta_enter_close_session
                0x0000000006006eec       0x98 out/arm/core/arch/arm/kernel/pseudo_ta.o
 .text.pseudo_ta_destroy
                0x0000000006006f84       0x24 out/arm/core/arch/arm/kernel/pseudo_ta.o
 .text.verify_pseudo_tas_conformance
                0x0000000006006fa8      0x138 out/arm/core/arch/arm/kernel/pseudo_ta.o
 .text.tee_ta_init_pseudo_ta_session
                0x00000000060070e0      0x1d8 out/arm/core/arch/arm/kernel/pseudo_ta.o
                0x00000000060070e0                tee_ta_init_pseudo_ta_session
 .text.copy_ehdr
                0x00000000060072b8      0x144 out/arm/core/arch/arm/kernel/elf_load.o
 .text.get_shdr_type
                0x00000000060073fc       0x64 out/arm/core/arch/arm/kernel/elf_load.o
 .text.copy_phdr
                0x0000000006007460      0x208 out/arm/core/arch/arm/kernel/elf_load.o
 .text.advance_to
                0x0000000006007668       0xc8 out/arm/core/arch/arm/kernel/elf_load.o
 .text.copy_to  0x0000000006007730      0x15c out/arm/core/arch/arm/kernel/elf_load.o
 .text.alloc_and_copy_to
                0x000000000600788c       0x88 out/arm/core/arch/arm/kernel/elf_load.o
 .text.elf_load_init
                0x0000000006007914       0xa4 out/arm/core/arch/arm/kernel/elf_load.o
                0x0000000006007914                elf_load_init
 .text.e32_load_ehdr
                0x00000000060079b8      0x108 out/arm/core/arch/arm/kernel/elf_load.o
 .text.e64_load_ehdr
                0x0000000006007ac0      0x144 out/arm/core/arch/arm/kernel/elf_load.o
 .text.load_head
                0x0000000006007c04      0x1f4 out/arm/core/arch/arm/kernel/elf_load.o
 .text.elf_load_head
                0x0000000006007df8      0x130 out/arm/core/arch/arm/kernel/elf_load.o
                0x0000000006007df8                elf_load_head
 .text.elf_load_get_next_segment
                0x0000000006007f28       0xe4 out/arm/core/arch/arm/kernel/elf_load.o
                0x0000000006007f28                elf_load_get_next_segment
 .text.e32_process_rel
                0x000000000600800c      0x4d0 out/arm/core/arch/arm/kernel/elf_load.o
 .text.e64_process_rel
                0x00000000060084dc      0x400 out/arm/core/arch/arm/kernel/elf_load.o
 .text.elf_load_body
                0x00000000060088dc      0x24c out/arm/core/arch/arm/kernel/elf_load.o
                0x00000000060088dc                elf_load_body
 .text.elf_load_final
                0x0000000006008b28       0x5c out/arm/core/arch/arm/kernel/elf_load.o
                0x0000000006008b28                elf_load_final
 .text.sn_elf_load_init
                0x0000000006008b84       0x5c out/arm/core/arch/arm/kernel/elf_load.o
                0x0000000006008b84                sn_elf_load_init
 .text.sn_e64_load_ehdr
                0x0000000006008be0      0x104 out/arm/core/arch/arm/kernel/elf_load.o
 .text.sn_load_head
                0x0000000006008ce4      0x258 out/arm/core/arch/arm/kernel/elf_load.o
 .text.sn_elf_load_head
                0x0000000006008f3c      0x118 out/arm/core/arch/arm/kernel/elf_load.o
                0x0000000006008f3c                sn_elf_load_head
 .text.sn_elf_load_body
                0x0000000006009054      0x22c out/arm/core/arch/arm/kernel/elf_load.o
                0x0000000006009054                sn_elf_load_body
 .text.sn_elf_load_final
                0x0000000006009280       0x5c out/arm/core/arch/arm/kernel/elf_load.o
                0x0000000006009280                sn_elf_load_final
 .text.tee_time_get_sys_time
                0x00000000060092dc       0x28 out/arm/core/arch/arm/kernel/tee_time.o
                0x00000000060092dc                tee_time_get_sys_time
 .text.tee_time_get_sys_time_protection_level
                0x0000000006009304       0x10 out/arm/core/arch/arm/kernel/tee_time.o
                0x0000000006009304                tee_time_get_sys_time_protection_level
 .text.tee_time_wait
                0x0000000006009314       0x4c out/arm/core/arch/arm/kernel/tee_time.o
                0x0000000006009314                tee_time_wait
 .text.tee_time_get_ree_time
                0x0000000006009360       0xa0 out/arm/core/arch/arm/kernel/tee_time.o
                0x0000000006009360                tee_time_get_ree_time
 .text.tee_otp_get_hw_unique_key
                0x0000000006009400       0x28 out/arm/core/arch/arm/kernel/otp_stubs.o
                0x0000000006009400                tee_otp_get_hw_unique_key
 .text.tee_otp_get_die_id
                0x0000000006009428       0x60 out/arm/core/arch/arm/kernel/otp_stubs.o
                0x0000000006009428                tee_otp_get_die_id
 .text.read_cntfrq
                0x0000000006009488       0x18 out/arm/core/arch/arm/kernel/tee_time_arm_cntpct.o
 .text.read_cntpct
                0x00000000060094a0       0x18 out/arm/core/arch/arm/kernel/tee_time_arm_cntpct.o
 .text.arm_cntpct_get_sys_time
                0x00000000060094b8       0x80 out/arm/core/arch/arm/kernel/tee_time_arm_cntpct.o
 .text.time_source_init
                0x0000000006009538       0x40 out/arm/core/arch/arm/kernel/tee_time_arm_cntpct.o
                0x0000000006009538                time_source_init
 .text.plat_prng_add_jitter_entropy
                0x0000000006009578      0x16c out/arm/core/arch/arm/kernel/tee_time_arm_cntpct.o
                0x0000000006009578                plat_prng_add_jitter_entropy
 .text          0x00000000060096e4       0x50 out/arm/core/arch/arm/kernel/proc_a64.o
                0x00000000060096e4                cpu_mmu_enable
                0x0000000006009704                cpu_mmu_enable_icache
                0x0000000006009720                cpu_mmu_enable_dcache
 .text          0x0000000006009734       0x44 out/arm/core/arch/arm/kernel/spin_lock_a64.o
                0x0000000006009734                __cpu_spin_lock
                0x0000000006009754                __cpu_spin_trylock
                0x0000000006009770                __cpu_spin_unlock
 .text.thread_foreign_intr_disabled
                0x0000000006009778       0x24 out/arm/core/arch/arm/kernel/spin_lock_debug.o
 .text.spinlock_count_incr
                0x000000000600979c       0x68 out/arm/core/arch/arm/kernel/spin_lock_debug.o
                0x000000000600979c                spinlock_count_incr
 .text.spinlock_count_decr
                0x0000000006009804       0x68 out/arm/core/arch/arm/kernel/spin_lock_debug.o
                0x0000000006009804                spinlock_count_decr
 .text.have_spinlock
                0x000000000600986c       0x4c out/arm/core/arch/arm/kernel/spin_lock_debug.o
                0x000000000600986c                have_spinlock
 .text          0x00000000060098b8       0x48 out/arm/core/arch/arm/kernel/tlb_helpers_a64.o
                0x00000000060098b8                tlbi_all
                0x00000000060098cc                tlbi_mva_allasid
                0x00000000060098e4                tlbi_asid
 .text.dcache_cleaninv_range
                0x0000000006009900       0x34 out/arm/core/arch/arm/kernel/cache_helpers_a64.o
                0x0000000006009900                dcache_cleaninv_range
 .text.dcache_clean_range
                0x0000000006009934       0x34 out/arm/core/arch/arm/kernel/cache_helpers_a64.o
                0x0000000006009934                dcache_clean_range
 .text.dcache_inv_range
                0x0000000006009968       0x34 out/arm/core/arch/arm/kernel/cache_helpers_a64.o
                0x0000000006009968                dcache_inv_range
 .text.do_dcsw_op
                0x000000000600999c       0xdc out/arm/core/arch/arm/kernel/cache_helpers_a64.o
 .text.dcache_op_all
                0x0000000006009a78       0x14 out/arm/core/arch/arm/kernel/cache_helpers_a64.o
                0x0000000006009a78                dcache_op_all
 .text.icache_inv_all
                0x0000000006009a8c       0x10 out/arm/core/arch/arm/kernel/cache_helpers_a64.o
                0x0000000006009a8c                icache_inv_all
 .text.icache_inv_range
                0x0000000006009a9c       0x34 out/arm/core/arch/arm/kernel/cache_helpers_a64.o
                0x0000000006009a9c                icache_inv_range
 .text.read_daif
                0x0000000006009ad0       0x18 out/arm/core/arch/arm/kernel/thread.o
 .text.write_daif
                0x0000000006009ae8       0x1c out/arm/core/arch/arm/kernel/thread.o
 .text.tee_ta_gprof_sample_pc
                0x0000000006009b04       0x14 out/arm/core/arch/arm/kernel/thread.o
 .text.tee_ta_update_session_utime_suspend
                0x0000000006009b18        0x8 out/arm/core/arch/arm/kernel/thread.o
 .text.tee_ta_update_session_utime_resume
                0x0000000006009b20        0x8 out/arm/core/arch/arm/kernel/thread.o
 .text.thread_foreign_intr_disabled
                0x0000000006009b28       0x24 out/arm/core/arch/arm/kernel/thread.o
 .text.reg_pair_to_64
                0x0000000006009b4c       0x24 out/arm/core/arch/arm/kernel/thread.o
 .text.reg_pair_from_64
                0x0000000006009b70       0x40 out/arm/core/arch/arm/kernel/thread.o
 .text.mobj_get_va
                0x0000000006009bb0       0x68 out/arm/core/arch/arm/kernel/thread.o
 .text.mobj_matches
                0x0000000006009c18       0x6c out/arm/core/arch/arm/kernel/thread.o
 .text.mobj_free
                0x0000000006009c84       0x5c out/arm/core/arch/arm/kernel/thread.o
 .text.mobj_is_nonsec
                0x0000000006009ce0       0x24 out/arm/core/arch/arm/kernel/thread.o
 .text.assert_have_no_spinlock
                0x0000000006009d04       0x4c out/arm/core/arch/arm/kernel/thread.o
 .text.cpu_spin_lock
                0x0000000006009d50       0x64 out/arm/core/arch/arm/kernel/thread.o
 .text.cpu_spin_unlock
                0x0000000006009db4       0x64 out/arm/core/arch/arm/kernel/thread.o
 .text.tee_pager_release_phys
                0x0000000006009e18       0x18 out/arm/core/arch/arm/kernel/thread.o
 .text.init_canaries
                0x0000000006009e30      0x304 out/arm/core/arch/arm/kernel/thread.o
 .text.thread_check_canaries
                0x000000000600a134      0x3e8 out/arm/core/arch/arm/kernel/thread.o
                0x000000000600a134                thread_check_canaries
 .text.lock_global
                0x000000000600a51c       0x20 out/arm/core/arch/arm/kernel/thread.o
 .text.unlock_global
                0x000000000600a53c       0x20 out/arm/core/arch/arm/kernel/thread.o
 .text.thread_get_exceptions
                0x000000000600a55c       0x24 out/arm/core/arch/arm/kernel/thread.o
                0x000000000600a55c                thread_get_exceptions
 .text.thread_set_exceptions
                0x000000000600a580       0x60 out/arm/core/arch/arm/kernel/thread.o
                0x000000000600a580                thread_set_exceptions
 .text.thread_mask_exceptions
                0x000000000600a5e0       0x34 out/arm/core/arch/arm/kernel/thread.o
                0x000000000600a5e0                thread_mask_exceptions
 .text.thread_unmask_exceptions
                0x000000000600a614       0x24 out/arm/core/arch/arm/kernel/thread.o
                0x000000000600a614                thread_unmask_exceptions
 .text.thread_get_core_local
                0x000000000600a638       0x98 out/arm/core/arch/arm/kernel/thread.o
                0x000000000600a638                thread_get_core_local
 .text.thread_lazy_save_ns_vfp
                0x000000000600a6d0       0x60 out/arm/core/arch/arm/kernel/thread.o
 .text.thread_lazy_restore_ns_vfp
                0x000000000600a730      0x100 out/arm/core/arch/arm/kernel/thread.o
 .text.init_regs
                0x000000000600a830       0xcc out/arm/core/arch/arm/kernel/thread.o
 .text.thread_init_boot_thread
                0x000000000600a8fc      0x194 out/arm/core/arch/arm/kernel/thread.o
                0x000000000600a8fc                thread_init_boot_thread
 .text.thread_clr_boot_thread
                0x000000000600aa90      0x154 out/arm/core/arch/arm/kernel/thread.o
                0x000000000600aa90                thread_clr_boot_thread
 .text.thread_alloc_and_run
                0x000000000600abe4      0x1bc out/arm/core/arch/arm/kernel/thread.o
 .text.copy_a0_to_a5
                0x000000000600ada0       0x78 out/arm/core/arch/arm/kernel/thread.o
 .text.is_from_user
                0x000000000600ae18       0x48 out/arm/core/arch/arm/kernel/thread.o
 .text.is_user_mode
                0x000000000600ae60       0x24 out/arm/core/arch/arm/kernel/thread.o
 .text.thread_resume_from_rpc
                0x000000000600ae84      0x294 out/arm/core/arch/arm/kernel/thread.o
 .text.thread_handle_fast_smc
                0x000000000600b118       0x64 out/arm/core/arch/arm/kernel/thread.o
                0x000000000600b118                thread_handle_fast_smc
 .text.thread_handle_std_smc
                0x000000000600b17c       0x48 out/arm/core/arch/arm/kernel/thread.o
                0x000000000600b17c                thread_handle_std_smc
 .text.__thread_std_smc_entry
                0x000000000600b1c4       0xc0 out/arm/core/arch/arm/kernel/thread.o
                0x000000000600b1c4                __thread_std_smc_entry
 .text.thread_get_tmp_sp
                0x000000000600b284       0x20 out/arm/core/arch/arm/kernel/thread.o
                0x000000000600b284                thread_get_tmp_sp
 .text.thread_get_saved_thread_sp
                0x000000000600b2a4       0x7c out/arm/core/arch/arm/kernel/thread.o
                0x000000000600b2a4                thread_get_saved_thread_sp
 .text.thread_stack_start
                0x000000000600b320       0x60 out/arm/core/arch/arm/kernel/thread.o
                0x000000000600b320                thread_stack_start
 .text.thread_stack_size
                0x000000000600b380        0x8 out/arm/core/arch/arm/kernel/thread.o
                0x000000000600b380                thread_stack_size
 .text.thread_state_free
                0x000000000600b388      0x194 out/arm/core/arch/arm/kernel/thread.o
                0x000000000600b388                thread_state_free
 .text.release_unused_kernel_stack
                0x000000000600b51c       0x18 out/arm/core/arch/arm/kernel/thread.o
 .text.thread_state_suspend
                0x000000000600b534      0x280 out/arm/core/arch/arm/kernel/thread.o
                0x000000000600b534                thread_state_suspend
 .text.set_tmp_stack
                0x000000000600b7b4       0x24 out/arm/core/arch/arm/kernel/thread.o
 .text.set_abt_stack
                0x000000000600b7d8       0x24 out/arm/core/arch/arm/kernel/thread.o
 .text.thread_init_stack
                0x000000000600b7fc       0x54 out/arm/core/arch/arm/kernel/thread.o
                0x000000000600b7fc                thread_init_stack
 .text.thread_get_id_may_fail
                0x000000000600b850       0x3c out/arm/core/arch/arm/kernel/thread.o
                0x000000000600b850                thread_get_id_may_fail
 .text.thread_get_id
                0x000000000600b88c       0x5c out/arm/core/arch/arm/kernel/thread.o
                0x000000000600b88c                thread_get_id
 .text.init_handlers
                0x000000000600b8e8       0xc8 out/arm/core/arch/arm/kernel/thread.o
 .text.init_thread_stacks
                0x000000000600b9b0       0xac out/arm/core/arch/arm/kernel/thread.o
 .text.thread_init_primary
                0x000000000600ba5c       0x2c out/arm/core/arch/arm/kernel/thread.o
                0x000000000600ba5c                thread_init_primary
 .text.init_sec_mon
                0x000000000600ba88       0x14 out/arm/core/arch/arm/kernel/thread.o
 .text.thread_init_per_cpu
                0x000000000600ba9c       0x98 out/arm/core/arch/arm/kernel/thread.o
                0x000000000600ba9c                thread_init_per_cpu
 .text.thread_get_tsd
                0x000000000600bb34       0x3c out/arm/core/arch/arm/kernel/thread.o
                0x000000000600bb34                thread_get_tsd
 .text.thread_get_ctx_regs
                0x000000000600bb70       0x78 out/arm/core/arch/arm/kernel/thread.o
                0x000000000600bb70                thread_get_ctx_regs
 .text.thread_set_foreign_intr
                0x000000000600bbe8      0x138 out/arm/core/arch/arm/kernel/thread.o
                0x000000000600bbe8                thread_set_foreign_intr
 .text.thread_restore_foreign_intr
                0x000000000600bd20       0xa4 out/arm/core/arch/arm/kernel/thread.o
                0x000000000600bd20                thread_restore_foreign_intr
 .text.thread_kernel_save_vfp
                0x000000000600bdc4       0xa0 out/arm/core/arch/arm/kernel/thread.o
                0x000000000600bdc4                thread_kernel_save_vfp
 .text.thread_kernel_restore_vfp
                0x000000000600be64       0xec out/arm/core/arch/arm/kernel/thread.o
                0x000000000600be64                thread_kernel_restore_vfp
 .text.thread_user_enable_vfp
                0x000000000600bf50      0x194 out/arm/core/arch/arm/kernel/thread.o
                0x000000000600bf50                thread_user_enable_vfp
 .text.thread_user_save_vfp
                0x000000000600c0e4      0x108 out/arm/core/arch/arm/kernel/thread.o
                0x000000000600c0e4                thread_user_save_vfp
 .text.thread_user_clear_vfp
                0x000000000600c1ec       0x70 out/arm/core/arch/arm/kernel/thread.o
                0x000000000600c1ec                thread_user_clear_vfp
 .text.get_spsr
                0x000000000600c25c       0x78 out/arm/core/arch/arm/kernel/thread.o
 .text.thread_enter_user_mode
                0x000000000600c2d4       0xbc out/arm/core/arch/arm/kernel/thread.o
                0x000000000600c2d4                thread_enter_user_mode
 .text.thread_add_mutex
                0x000000000600c390      0x15c out/arm/core/arch/arm/kernel/thread.o
                0x000000000600c390                thread_add_mutex
 .text.thread_rem_mutex
                0x000000000600c4ec      0x13c out/arm/core/arch/arm/kernel/thread.o
                0x000000000600c4ec                thread_rem_mutex
 .text.thread_disable_prealloc_rpc_cache
                0x000000000600c628      0x168 out/arm/core/arch/arm/kernel/thread.o
                0x000000000600c628                thread_disable_prealloc_rpc_cache
 .text.thread_enable_prealloc_rpc_cache
                0x000000000600c790       0x9c out/arm/core/arch/arm/kernel/thread.o
                0x000000000600c790                thread_enable_prealloc_rpc_cache
 .text.thread_rpc_free_arg
                0x000000000600c82c       0x60 out/arm/core/arch/arm/kernel/thread.o
                0x000000000600c82c                thread_rpc_free_arg
 .text.thread_rpc_alloc_arg
                0x000000000600c88c       0xc4 out/arm/core/arch/arm/kernel/thread.o
                0x000000000600c88c                thread_rpc_alloc_arg
 .text.get_rpc_arg
                0x000000000600c950      0x160 out/arm/core/arch/arm/kernel/thread.o
 .text.thread_rpc_cmd
                0x000000000600cab0      0x17c out/arm/core/arch/arm/kernel/thread.o
                0x000000000600cab0                thread_rpc_cmd
 .text.thread_rpc_free
                0x000000000600cc2c       0xc8 out/arm/core/arch/arm/kernel/thread.o
 .text.thread_rpc_alloc
                0x000000000600ccf4      0x1a8 out/arm/core/arch/arm/kernel/thread.o
 .text.thread_rpc_alloc_payload
                0x000000000600ce9c       0x2c out/arm/core/arch/arm/kernel/thread.o
                0x000000000600ce9c                thread_rpc_alloc_payload
 .text.thread_rpc_free_payload
                0x000000000600cec8       0x2c out/arm/core/arch/arm/kernel/thread.o
                0x000000000600cec8                thread_rpc_free_payload
 .text.init_tee_cpu
                0x000000000600cef4       0x6c out/arm/core/arch/arm/kernel/thread.o
                0x000000000600cef4                init_tee_cpu
 .text.get_tee_core_pos
                0x000000000600cf60       0x10 out/arm/core/arch/arm/kernel/thread.o
                0x000000000600cf60                get_tee_core_pos
 .text.get_tee_cpu
                0x000000000600cf70        0xc out/arm/core/arch/arm/kernel/thread.o
                0x000000000600cf70                get_tee_cpu
 .text.set_proc_map
                0x000000000600cf7c       0x2c out/arm/core/arch/arm/kernel/thread.o
                0x000000000600cf7c                set_proc_map
 .text.read_contextidr_el1
                0x000000000600cfa8       0x18 out/arm/core/arch/arm/kernel/abort.o
 .text.read_ttbr0_el1
                0x000000000600cfc0       0x18 out/arm/core/arch/arm/kernel/abort.o
 .text.read_ttbr1_el1
                0x000000000600cfd8       0x18 out/arm/core/arch/arm/kernel/abort.o
 .text.read_esr_el1
                0x000000000600cff0       0x18 out/arm/core/arch/arm/kernel/abort.o
 .text.read_far_el1
                0x000000000600d008       0x18 out/arm/core/arch/arm/kernel/abort.o
 .text.is_user_ta_ctx
                0x000000000600d020       0x28 out/arm/core/arch/arm/kernel/abort.o
 .text.to_user_ta_ctx
                0x000000000600d048       0x68 out/arm/core/arch/arm/kernel/abort.o
 .text.tee_pager_handle_fault
                0x000000000600d0b0       0x14 out/arm/core/arch/arm/kernel/abort.o
 .text.get_current_ta_exidx
                0x000000000600d0c4       0xec out/arm/core/arch/arm/kernel/abort.o
 .text.__print_stack_unwind_arm32
                0x000000000600d1b0      0x1d4 out/arm/core/arch/arm/kernel/abort.o
 .text.__print_stack_unwind_arm64
                0x000000000600d384      0x140 out/arm/core/arch/arm/kernel/abort.o
 .text.abort_type_to_str
                0x000000000600d4c4       0x48 out/arm/core/arch/arm/kernel/abort.o
 .text.fault_to_str
                0x000000000600d50c       0xac out/arm/core/arch/arm/kernel/abort.o
 .text.__print_abort_info
                0x000000000600d5b8      0x57c out/arm/core/arch/arm/kernel/abort.o
 .text.__abort_print
                0x000000000600db34       0xf8 out/arm/core/arch/arm/kernel/abort.o
 .text.abort_print
                0x000000000600dc2c       0x24 out/arm/core/arch/arm/kernel/abort.o
                0x000000000600dc2c                abort_print
 .text.abort_print_error
                0x000000000600dc50       0x24 out/arm/core/arch/arm/kernel/abort.o
                0x000000000600dc50                abort_print_error
 .text.set_abort_info
                0x000000000600dc74       0xd4 out/arm/core/arch/arm/kernel/abort.o
 .text.handle_user_ta_panic
                0x000000000600dd48       0xb4 out/arm/core/arch/arm/kernel/abort.o
 .text.handle_user_ta_vfp
                0x000000000600ddfc       0x58 out/arm/core/arch/arm/kernel/abort.o
 .text.abort_is_user_exception
                0x000000000600de54       0x58 out/arm/core/arch/arm/kernel/abort.o
                0x000000000600de54                abort_is_user_exception
 .text.is_abort_in_abort_handler
                0x000000000600deac       0x14 out/arm/core/arch/arm/kernel/abort.o
 .text.is_vfp_fault
                0x000000000600dec0       0x40 out/arm/core/arch/arm/kernel/abort.o
 .text.get_fault_type
                0x000000000600df00      0x268 out/arm/core/arch/arm/kernel/abort.o
 .text.abort_handler
                0x000000000600e168      0x14c out/arm/core/arch/arm/kernel/abort.o
                0x000000000600e168                abort_handler
 .text.isb      0x000000000600e2b4        0xc out/arm/core/arch/arm/kernel/vfp.o
 .text.read_cpacr_el1
                0x000000000600e2c0       0x18 out/arm/core/arch/arm/kernel/vfp.o
 .text.write_cpacr_el1
                0x000000000600e2d8       0x1c out/arm/core/arch/arm/kernel/vfp.o
 .text.read_fpcr
                0x000000000600e2f4       0x18 out/arm/core/arch/arm/kernel/vfp.o
 .text.write_fpcr
                0x000000000600e30c       0x1c out/arm/core/arch/arm/kernel/vfp.o
 .text.read_fpsr
                0x000000000600e328       0x18 out/arm/core/arch/arm/kernel/vfp.o
 .text.write_fpsr
                0x000000000600e340       0x1c out/arm/core/arch/arm/kernel/vfp.o
 .text.vfp_is_enabled
                0x000000000600e35c       0x28 out/arm/core/arch/arm/kernel/vfp.o
                0x000000000600e35c                vfp_is_enabled
 .text.vfp_enable
                0x000000000600e384       0x34 out/arm/core/arch/arm/kernel/vfp.o
                0x000000000600e384                vfp_enable
 .text.vfp_disable
                0x000000000600e3b8       0x34 out/arm/core/arch/arm/kernel/vfp.o
                0x000000000600e3b8                vfp_disable
 .text.vfp_lazy_save_state_init
                0x000000000600e3ec       0x2c out/arm/core/arch/arm/kernel/vfp.o
                0x000000000600e3ec                vfp_lazy_save_state_init
 .text.vfp_lazy_save_state_final
                0x000000000600e418       0xa8 out/arm/core/arch/arm/kernel/vfp.o
                0x000000000600e418                vfp_lazy_save_state_final
 .text.vfp_lazy_restore_state
                0x000000000600e4c0       0x5c out/arm/core/arch/arm/kernel/vfp.o
                0x000000000600e4c0                vfp_lazy_restore_state
 .text.vfp_asm  0x000000000600e51c       0x88 out/arm/core/arch/arm/kernel/vfp_a64.o
                0x000000000600e51c                vfp_save_extension_regs
                0x000000000600e560                vfp_restore_extension_regs
 .text.thread_foreign_intr_disabled
                0x000000000600e5a4       0x24 out/arm/core/arch/arm/kernel/trace_ext.o
 .text.cpu_spin_lock
                0x000000000600e5c8       0x64 out/arm/core/arch/arm/kernel/trace_ext.o
 .text.cpu_spin_trylock
                0x000000000600e62c       0x80 out/arm/core/arch/arm/kernel/trace_ext.o
 .text.cpu_spin_unlock
                0x000000000600e6ac       0x64 out/arm/core/arch/arm/kernel/trace_ext.o
 .text.trace_ext_puts
                0x000000000600e710       0xe0 out/arm/core/arch/arm/kernel/trace_ext.o
                0x000000000600e710                trace_ext_puts
 .text.trace_ext_get_thread_id
                0x000000000600e7f0       0x14 out/arm/core/arch/arm/kernel/trace_ext.o
                0x000000000600e7f0                trace_ext_get_thread_id
 .text          0x000000000600e804       0x14 out/arm/core/arch/arm/kernel/misc_a64.o
                0x000000000600e804                get_core_pos
 .text.wq_wait_init
                0x000000000600e818       0x2c out/arm/core/arch/arm/kernel/mutex.o
 .text.thread_foreign_intr_disabled
                0x000000000600e844       0x24 out/arm/core/arch/arm/kernel/mutex.o
 .text.assert_have_no_spinlock
                0x000000000600e868       0x4c out/arm/core/arch/arm/kernel/mutex.o
 .text.cpu_spin_lock
                0x000000000600e8b4       0x64 out/arm/core/arch/arm/kernel/mutex.o
 .text.cpu_spin_unlock
                0x000000000600e918       0x64 out/arm/core/arch/arm/kernel/mutex.o
 .text.mutex_init
                0x000000000600e97c       0x38 out/arm/core/arch/arm/kernel/mutex.o
                0x000000000600e97c                mutex_init
 .text.__mutex_lock
                0x000000000600e9b4      0x140 out/arm/core/arch/arm/kernel/mutex.o
 .text.__mutex_unlock
                0x000000000600eaf4       0xdc out/arm/core/arch/arm/kernel/mutex.o
 .text.mutex_unlock
                0x000000000600ebd0       0x28 out/arm/core/arch/arm/kernel/mutex.o
                0x000000000600ebd0                mutex_unlock
 .text.mutex_lock
                0x000000000600ebf8       0x28 out/arm/core/arch/arm/kernel/mutex.o
                0x000000000600ebf8                mutex_lock
 .text.condvar_init
                0x000000000600ec20       0x20 out/arm/core/arch/arm/kernel/mutex.o
                0x000000000600ec20                condvar_init
 .text.condvar_destroy
                0x000000000600ec40       0x70 out/arm/core/arch/arm/kernel/mutex.o
                0x000000000600ec40                condvar_destroy
 .text.cv_signal
                0x000000000600ecb0       0x80 out/arm/core/arch/arm/kernel/mutex.o
 .text.condvar_signal
                0x000000000600ed30       0x2c out/arm/core/arch/arm/kernel/mutex.o
                0x000000000600ed30                condvar_signal
 .text.condvar_broadcast
                0x000000000600ed5c       0x2c out/arm/core/arch/arm/kernel/mutex.o
                0x000000000600ed5c                condvar_broadcast
 .text.__condvar_wait
                0x000000000600ed88      0x14c out/arm/core/arch/arm/kernel/mutex.o
 .text.condvar_wait
                0x000000000600eed4       0x30 out/arm/core/arch/arm/kernel/mutex.o
                0x000000000600eed4                condvar_wait
 .text.thread_foreign_intr_disabled
                0x000000000600ef04       0x24 out/arm/core/arch/arm/kernel/wait_queue.o
 .text.cpu_spin_lock
                0x000000000600ef28       0x64 out/arm/core/arch/arm/kernel/wait_queue.o
 .text.cpu_spin_unlock
                0x000000000600ef8c       0x64 out/arm/core/arch/arm/kernel/wait_queue.o
 .text.cpu_spin_lock_xsave
                0x000000000600eff0       0x2c out/arm/core/arch/arm/kernel/wait_queue.o
 .text.cpu_spin_unlock_xrestore
                0x000000000600f01c       0x2c out/arm/core/arch/arm/kernel/wait_queue.o
 .text.__wq_rpc
                0x000000000600f048      0x16c out/arm/core/arch/arm/kernel/wait_queue.o
                0x000000000600f048                __wq_rpc
 .text.slist_add_tail
                0x000000000600f1b4       0x8c out/arm/core/arch/arm/kernel/wait_queue.o
 .text.wq_wait_init_condvar
                0x000000000600f240       0x70 out/arm/core/arch/arm/kernel/wait_queue.o
                0x000000000600f240                wq_wait_init_condvar
 .text.wq_wait_final
                0x000000000600f2b0      0x104 out/arm/core/arch/arm/kernel/wait_queue.o
                0x000000000600f2b0                wq_wait_final
 .text.wq_wake_one
                0x000000000600f3b4       0xf8 out/arm/core/arch/arm/kernel/wait_queue.o
                0x000000000600f3b4                wq_wake_one
 .text.wq_promote_condvar
                0x000000000600f4ac       0xb4 out/arm/core/arch/arm/kernel/wait_queue.o
                0x000000000600f4ac                wq_promote_condvar
 .text.wq_have_condvar
                0x000000000600f560       0x88 out/arm/core/arch/arm/kernel/wait_queue.o
                0x000000000600f560                wq_have_condvar
 .text.pm_do_nothing
                0x000000000600f5e8       0x18 out/arm/core/arch/arm/kernel/pm_stubs.o
                0x000000000600f5e8                pm_do_nothing
 .text.read_daif
                0x000000000600f600       0x18 out/arm/core/arch/arm/kernel/generic_boot.o
 .text.write_daif
                0x000000000600f618       0x1c out/arm/core/arch/arm/kernel/generic_boot.o
 .text.read_cntpct_el0
                0x000000000600f634       0x18 out/arm/core/arch/arm/kernel/generic_boot.o
 .text.read_cntfrq_el0
                0x000000000600f64c       0x18 out/arm/core/arch/arm/kernel/generic_boot.o
 .text.write_cntps_cval_el1
                0x000000000600f664       0x1c out/arm/core/arch/arm/kernel/generic_boot.o
 .text.write_cntps_ctl_el1
                0x000000000600f680       0x1c out/arm/core/arch/arm/kernel/generic_boot.o
 .text.configure_console_from_dt
                0x000000000600f69c       0x14 out/arm/core/arch/arm/kernel/generic_boot.o
 .text.main_secondary_init_gic
                0x000000000600f6b0        0x8 out/arm/core/arch/arm/kernel/generic_boot.o
                0x000000000600f6b0                main_secondary_init_gic
 .text.init_sec_mon
                0x000000000600f6b8       0x4c out/arm/core/arch/arm/kernel/generic_boot.o
                0x000000000600f6b8                init_sec_mon
 .text.init_vfp_nsec
                0x000000000600f704        0x8 out/arm/core/arch/arm/kernel/generic_boot.o
 .text.init_vfp_sec
                0x000000000600f70c       0x18 out/arm/core/arch/arm/kernel/generic_boot.o
 .text.init_asan
                0x000000000600f724        0x8 out/arm/core/arch/arm/kernel/generic_boot.o
 .text.init_runtime
                0x000000000600f72c       0x68 out/arm/core/arch/arm/kernel/generic_boot.o
 .text.init_fdt
                0x000000000600f794       0x14 out/arm/core/arch/arm/kernel/generic_boot.o
 .text.init_primary_helper
                0x000000000600f7a8       0xe0 out/arm/core/arch/arm/kernel/generic_boot.o
 .text.init_secondary_helper
                0x000000000600f888       0x5c out/arm/core/arch/arm/kernel/generic_boot.o
 .text.generic_boot_init_primary
                0x000000000600f8e4       0x34 out/arm/core/arch/arm/kernel/generic_boot.o
                0x000000000600f8e4                generic_boot_init_primary
 .text.generic_boot_cpu_on_handler
                0x000000000600f918       0x58 out/arm/core/arch/arm/kernel/generic_boot.o
                0x000000000600f918                generic_boot_cpu_on_handler
 .text.init_cpu_vbar
                0x000000000600f970       0x40 out/arm/core/arch/arm/kernel/generic_boot.o
 .text.enable_secure_timer
                0x000000000600f9b0       0x54 out/arm/core/arch/arm/kernel/generic_boot.o
 .text.show_current_el
                0x000000000600fa04       0x50 out/arm/core/arch/arm/kernel/generic_boot.o
 .text.final_boot
                0x000000000600fa54       0x8c out/arm/core/arch/arm/kernel/generic_boot.o
                0x000000000600fa54                final_boot
 .text.expand_prel31
                0x000000000600fae0       0x24 out/arm/core/arch/arm/kernel/unwind_arm32.o
 .text.find_index
                0x000000000600fb04       0xf8 out/arm/core/arch/arm/kernel/unwind_arm32.o
 .text.unwind_exec_read_byte
                0x000000000600fbfc       0x90 out/arm/core/arch/arm/kernel/unwind_arm32.o
 .text.unwind_exec_insn
                0x000000000600fc8c      0x464 out/arm/core/arch/arm/kernel/unwind_arm32.o
 .text.unwind_tab
                0x00000000060100f0      0x154 out/arm/core/arch/arm/kernel/unwind_arm32.o
 .text.unwind_stack_arm32
                0x0000000006010244       0xfc out/arm/core/arch/arm/kernel/unwind_arm32.o
                0x0000000006010244                unwind_stack_arm32
 .text.unwind_stack_arm64
                0x0000000006010340       0x90 out/arm/core/arch/arm/kernel/unwind_arm64.o
                0x0000000006010340                unwind_stack_arm64
 .text.print_kernel_stack
                0x00000000060103d0      0x120 out/arm/core/arch/arm/kernel/unwind_arm64.o
                0x00000000060103d0                print_kernel_stack
 .text.read_daif
                0x00000000060104f0       0x18 out/arm/core/arch/arm/kernel/proc.o
 .text.write_daif
                0x0000000006010508       0x1c out/arm/core/arch/arm/kernel/proc.o
 .text.thread_foreign_intr_disabled
                0x0000000006010524       0x24 out/arm/core/arch/arm/kernel/proc.o
 .text.cpu_spin_lock
                0x0000000006010548       0x64 out/arm/core/arch/arm/kernel/proc.o
 .text.cpu_spin_unlock
                0x00000000060105ac       0x64 out/arm/core/arch/arm/kernel/proc.o
 .text.lock_global
                0x0000000006010610       0x20 out/arm/core/arch/arm/kernel/proc.o
 .text.unlock_global
                0x0000000006010630       0x20 out/arm/core/arch/arm/kernel/proc.o
 .text.init_canaries
                0x0000000006010650      0x10c out/arm/core/arch/arm/kernel/proc.o
 .text.proc_check_canaries
                0x000000000601075c      0x158 out/arm/core/arch/arm/kernel/proc.o
                0x000000000601075c                proc_check_canaries
 .text.init_proc
                0x00000000060108b4      0x184 out/arm/core/arch/arm/kernel/proc.o
 .text.proc_alloc
                0x0000000006010a38      0x1b8 out/arm/core/arch/arm/kernel/proc.o
 .text.proc_clr_init
                0x0000000006010bf0       0x1c out/arm/core/arch/arm/kernel/proc.o
                0x0000000006010bf0                proc_clr_init
 .text.proc_schedule
                0x0000000006010c0c      0x18c out/arm/core/arch/arm/kernel/proc.o
                0x0000000006010c0c                proc_schedule
 .text.get_cur_proc
                0x0000000006010d98       0x94 out/arm/core/arch/arm/kernel/proc.o
                0x0000000006010d98                get_cur_proc
 .text.enqueue  0x0000000006010e2c       0x78 out/arm/core/arch/arm/kernel/proc.o
                0x0000000006010e2c                enqueue
 .text.enqueue_head
                0x0000000006010ea4       0x78 out/arm/core/arch/arm/kernel/proc.o
                0x0000000006010ea4                enqueue_head
 .text.run      0x0000000006010f1c       0x90 out/arm/core/arch/arm/kernel/proc.o
                0x0000000006010f1c                run
 .text.rex_debug
                0x0000000006010fac       0x40 out/arm/core/arch/arm/kernel/proc.o
                0x0000000006010fac                rex_debug
 .text.alloc_migrate_proc
                0x0000000006010fec      0x10c out/arm/core/arch/arm/kernel/proc.o
                0x0000000006010fec                alloc_migrate_proc
 .text.ipi_mg_handle
                0x00000000060110f8       0x74 out/arm/core/arch/arm/kernel/ipi.o
 .text.init_ipi_mg
                0x000000000601116c       0x28 out/arm/core/arch/arm/kernel/ipi.o
 .text.ipi_mb_handle
                0x0000000006011194       0x84 out/arm/core/arch/arm/kernel/ipi.o
 .text.init_ipi_mb
                0x0000000006011218       0x28 out/arm/core/arch/arm/kernel/ipi.o
 .text.raise_ipi
                0x0000000006011240       0x70 out/arm/core/arch/arm/kernel/ipi.o
                0x0000000006011240                raise_ipi
 .text.isb      0x00000000060112b0        0xc out/arm/core/arch/arm/mm/core_mmu.o
 .text.write_at_s1e1r
                0x00000000060112bc       0x1c out/arm/core/arch/arm/mm/core_mmu.o
 .text.read_sctlr_el1
                0x00000000060112d8       0x18 out/arm/core/arch/arm/mm/core_mmu.o
 .text.read_par_el1
                0x00000000060112f0       0x18 out/arm/core/arch/arm/mm/core_mmu.o
 .text.is_user_ta_ctx
                0x0000000006011308       0x28 out/arm/core/arch/arm/mm/core_mmu.o
 .text.to_user_ta_ctx
                0x0000000006011330       0x68 out/arm/core/arch/arm/mm/core_mmu.o
 .text.teecore_memtype_name
                0x0000000006011398       0x24 out/arm/core/arch/arm/mm/core_mmu.o
 .text.core_mmu_va2idx
                0x00000000060113bc       0x30 out/arm/core/arch/arm/mm/core_mmu.o
 .text.core_mmu_idx2va
                0x00000000060113ec       0x34 out/arm/core/arch/arm/mm/core_mmu.o
 .text.core_mmu_get_block_offset
                0x0000000006011420       0x34 out/arm/core/arch/arm/mm/core_mmu.o
 .text.core_mmu_is_dynamic_vaspace
                0x0000000006011454       0x44 out/arm/core/arch/arm/mm/core_mmu.o
 .text.mobj_get_pa
                0x0000000006011498       0x78 out/arm/core/arch/arm/mm/core_mmu.o
 .text.mobj_update_mapping
                0x0000000006011510       0x6c out/arm/core/arch/arm/mm/core_mmu.o
 .text.mobj_is_paged
                0x000000000601157c       0x14 out/arm/core/arch/arm/mm/core_mmu.o
 .text.core_mmap_is_end_of_table
                0x0000000006011590       0x24 out/arm/core/arch/arm/mm/core_mmu.o
 .text._pbuf_intersects
                0x00000000060115b4       0x94 out/arm/core/arch/arm/mm/core_mmu.o
 .text._pbuf_is_inside
                0x0000000006011648       0x94 out/arm/core/arch/arm/mm/core_mmu.o
 .text.pa_is_in_map
                0x00000000060116dc       0x74 out/arm/core/arch/arm/mm/core_mmu.o
 .text.va_is_in_map
                0x0000000006011750       0x74 out/arm/core/arch/arm/mm/core_mmu.o
 .text.pbuf_inside_map_area
                0x00000000060117c4       0x44 out/arm/core/arch/arm/mm/core_mmu.o
 .text.find_map_by_type
                0x0000000006011808       0x6c out/arm/core/arch/arm/mm/core_mmu.o
 .text.find_map_by_type_and_pa
                0x0000000006011874       0x8c out/arm/core/arch/arm/mm/core_mmu.o
 .text.find_map_by_va
                0x0000000006011900       0x98 out/arm/core/arch/arm/mm/core_mmu.o
 .text.find_map_by_pa
                0x0000000006011998       0x8c out/arm/core/arch/arm/mm/core_mmu.o
 .text.pbuf_is_special_mem
                0x0000000006011a24       0x84 out/arm/core/arch/arm/mm/core_mmu.o
 .text.get_discovered_nsec_ddr
                0x0000000006011aa8       0x18 out/arm/core/arch/arm/mm/core_mmu.o
 .text.pbuf_is_nsec_ddr
                0x0000000006011ac0       0x70 out/arm/core/arch/arm/mm/core_mmu.o
 .text.pbuf_is_sdp_mem
                0x0000000006011b30       0x18 out/arm/core/arch/arm/mm/core_mmu.o
 .text.verify_special_mem_areas
                0x0000000006011b48      0x358 out/arm/core/arch/arm/mm/core_mmu.o
 .text.add_phys_mem
                0x0000000006011ea0      0x4b8 out/arm/core/arch/arm/mm/core_mmu.o
 .text.add_va_space
                0x0000000006012358      0x224 out/arm/core/arch/arm/mm/core_mmu.o
 .text.core_mmu_type_to_attr
                0x000000000601257c      0x1c0 out/arm/core/arch/arm/mm/core_mmu.o
                0x000000000601257c                core_mmu_type_to_attr
 .text.map_is_tee_ram
                0x000000000601273c       0x30 out/arm/core/arch/arm/mm/core_mmu.o
 .text.map_is_flat_mapped
                0x000000000601276c       0x20 out/arm/core/arch/arm/mm/core_mmu.o
 .text.cmp_mmap_by_lower_va
                0x000000000601278c       0x3c out/arm/core/arch/arm/mm/core_mmu.o
 .text.cmp_mmap_by_bigger_region_size
                0x00000000060127c8       0x38 out/arm/core/arch/arm/mm/core_mmu.o
 .text.dump_mmap_table
                0x0000000006012800      0x134 out/arm/core/arch/arm/mm/core_mmu.o
 .text.init_mem_map
                0x0000000006012934      0x5e8 out/arm/core/arch/arm/mm/core_mmu.o
 .text.core_init_mmu_map
                0x0000000006012f1c      0x2e8 out/arm/core/arch/arm/mm/core_mmu.o
                0x0000000006012f1c                core_init_mmu_map
 .text.core_mmu_mattr_is_ok
                0x0000000006013204       0x30 out/arm/core/arch/arm/mm/core_mmu.o
                0x0000000006013204                core_mmu_mattr_is_ok
 .text.core_pbuf_is
                0x0000000006013234      0x1b4 out/arm/core/arch/arm/mm/core_mmu.o
                0x0000000006013234                core_pbuf_is
 .text.core_vbuf_is
                0x00000000060133e8       0x64 out/arm/core/arch/arm/mm/core_mmu.o
                0x00000000060133e8                core_vbuf_is
 .text.core_va2pa_helper
                0x000000000601344c       0x94 out/arm/core/arch/arm/mm/core_mmu.o
 .text.map_pa2va
                0x00000000060134e0       0x5c out/arm/core/arch/arm/mm/core_mmu.o
 .text.core_mmu_get_mem_by_type
                0x000000000601353c       0x78 out/arm/core/arch/arm/mm/core_mmu.o
                0x000000000601353c                core_mmu_get_mem_by_type
 .text.cache_op_inner
                0x00000000060135b4       0xe0 out/arm/core/arch/arm/mm/core_mmu.o
                0x00000000060135b4                cache_op_inner
 .text.core_mmu_set_entry
                0x0000000006013694       0x90 out/arm/core/arch/arm/mm/core_mmu.o
                0x0000000006013694                core_mmu_set_entry
 .text.set_region
                0x0000000006013724      0x18c out/arm/core/arch/arm/mm/core_mmu.o
 .text.set_pg_region
                0x00000000060138b0      0x2ac out/arm/core/arch/arm/mm/core_mmu.o
 .text.core_mmu_unmap_pages
                0x0000000006013b5c      0x1b0 out/arm/core/arch/arm/mm/core_mmu.o
                0x0000000006013b5c                core_mmu_unmap_pages
 .text.core_mmu_populate_user_map
                0x0000000006013d0c      0x22c out/arm/core/arch/arm/mm/core_mmu.o
                0x0000000006013d0c                core_mmu_populate_user_map
 .text.arm_va2pa_helper
                0x0000000006013f38       0x94 out/arm/core/arch/arm/mm/core_mmu.o
 .text.check_pa_matches_va
                0x0000000006013fcc      0x1ec out/arm/core/arch/arm/mm/core_mmu.o
 .text.virt_to_phys
                0x00000000060141b8       0x50 out/arm/core/arch/arm/mm/core_mmu.o
                0x00000000060141b8                virt_to_phys
 .text.check_va_matches_pa
                0x0000000006014208       0x60 out/arm/core/arch/arm/mm/core_mmu.o
 .text.phys_to_virt_ta_vaspace
                0x0000000006014268       0x74 out/arm/core/arch/arm/mm/core_mmu.o
 .text.phys_to_virt_tee_ram
                0x00000000060142dc       0x84 out/arm/core/arch/arm/mm/core_mmu.o
 .text.phys_to_virt
                0x0000000006014360       0x7c out/arm/core/arch/arm/mm/core_mmu.o
                0x0000000006014360                phys_to_virt
 .text.phys_to_virt_io
                0x00000000060143dc       0x74 out/arm/core/arch/arm/mm/core_mmu.o
                0x00000000060143dc                phys_to_virt_io
 .text.cpu_mmu_enabled
                0x0000000006014450       0x2c out/arm/core/arch/arm/mm/core_mmu.o
                0x0000000006014450                cpu_mmu_enabled
 .text.sn_core_mmu_populate_user_map
                0x000000000601447c      0x1ec out/arm/core/arch/arm/mm/core_mmu.o
                0x000000000601447c                sn_core_mmu_populate_user_map
 .text.pgt_check_avail
                0x0000000006014668       0x20 out/arm/core/arch/arm/mm/tee_mmu.o
 .text.is_user_ta_ctx
                0x0000000006014688       0x28 out/arm/core/arch/arm/mm/tee_mmu.o
 .text.to_user_ta_ctx
                0x00000000060146b0       0x68 out/arm/core/arch/arm/mm/tee_mmu.o
 .text.mobj_get_pa
                0x0000000006014718       0x78 out/arm/core/arch/arm/mm/tee_mmu.o
 .text.mobj_get_cattr
                0x0000000006014790       0x68 out/arm/core/arch/arm/mm/tee_mmu.o
 .text.mobj_matches
                0x00000000060147f8       0x6c out/arm/core/arch/arm/mm/tee_mmu.o
 .text.mobj_is_nonsec
                0x0000000006014864       0x24 out/arm/core/arch/arm/mm/tee_mmu.o
 .text.mobj_is_secure
                0x0000000006014888       0x24 out/arm/core/arch/arm/mm/tee_mmu.o
 .text.mobj_is_paged
                0x00000000060148ac       0x14 out/arm/core/arch/arm/mm/tee_mmu.o
 .text.tee_pager_assign_uta_tables
                0x00000000060148c0       0x14 out/arm/core/arch/arm/mm/tee_mmu.o
 .text.tee_mmu_umap_add_param
                0x00000000060148d4      0x450 out/arm/core/arch/arm/mm/tee_mmu.o
 .text.tee_mmu_umap_set_vas
                0x0000000006014d24      0x35c out/arm/core/arch/arm/mm/tee_mmu.o
 .text.tee_mmu_init
                0x0000000006015080      0x128 out/arm/core/arch/arm/mm/tee_mmu.o
                0x0000000006015080                tee_mmu_init
 .text.alloc_pgt
                0x00000000060151a8       0xa0 out/arm/core/arch/arm/mm/tee_mmu.o
 .text.tee_mmu_map_stack
                0x0000000006015248       0x8c out/arm/core/arch/arm/mm/tee_mmu.o
                0x0000000006015248                tee_mmu_map_stack
 .text.tee_mmu_map_add_segment
                0x00000000060152d4      0x624 out/arm/core/arch/arm/mm/tee_mmu.o
                0x00000000060152d4                tee_mmu_map_add_segment
 .text.tee_mmu_map_clear
                0x00000000060158f8       0x38 out/arm/core/arch/arm/mm/tee_mmu.o
                0x00000000060158f8                tee_mmu_map_clear
 .text.clear_param_map
                0x0000000006015930       0x78 out/arm/core/arch/arm/mm/tee_mmu.o
 .text.param_mem_to_user_va
                0x00000000060159a8      0x108 out/arm/core/arch/arm/mm/tee_mmu.o
 .text.tee_mmu_map_param
                0x0000000006015ab0      0x3c8 out/arm/core/arch/arm/mm/tee_mmu.o
                0x0000000006015ab0                tee_mmu_map_param
 .text.tee_mmu_final
                0x0000000006015e78       0x84 out/arm/core/arch/arm/mm/tee_mmu.o
                0x0000000006015e78                tee_mmu_final
 .text.tee_mmu_is_vbuf_inside_ta_private
                0x0000000006015efc       0x5c out/arm/core/arch/arm/mm/tee_mmu.o
                0x0000000006015efc                tee_mmu_is_vbuf_inside_ta_private
 .text.tee_mmu_vbuf_to_mobj_offs
                0x0000000006015f58      0x174 out/arm/core/arch/arm/mm/tee_mmu.o
                0x0000000006015f58                tee_mmu_vbuf_to_mobj_offs
 .text.tee_mmu_user_va2pa_attr
                0x00000000060160cc      0x1b0 out/arm/core/arch/arm/mm/tee_mmu.o
 .text.tee_mmu_user_va2pa_helper
                0x000000000601627c       0x30 out/arm/core/arch/arm/mm/tee_mmu.o
                0x000000000601627c                tee_mmu_user_va2pa_helper
 .text.tee_mmu_user_pa2va_helper
                0x00000000060162ac      0x178 out/arm/core/arch/arm/mm/tee_mmu.o
                0x00000000060162ac                tee_mmu_user_pa2va_helper
 .text.tee_mmu_check_access_rights
                0x0000000006016424      0x200 out/arm/core/arch/arm/mm/tee_mmu.o
                0x0000000006016424                tee_mmu_check_access_rights
 .text.tee_mmu_set_ctx
                0x0000000006016624       0xd8 out/arm/core/arch/arm/mm/tee_mmu.o
                0x0000000006016624                tee_mmu_set_ctx
 .text.tee_mmu_get_ctx
                0x00000000060166fc       0x18 out/arm/core/arch/arm/mm/tee_mmu.o
                0x00000000060166fc                tee_mmu_get_ctx
 .text.tee_mmu_get_load_addr
                0x0000000006016714       0x64 out/arm/core/arch/arm/mm/tee_mmu.o
                0x0000000006016714                tee_mmu_get_load_addr
 .text.teecore_init_ta_ram
                0x0000000006016778      0x174 out/arm/core/arch/arm/mm/tee_mmu.o
                0x0000000006016778                teecore_init_ta_ram
 .text.teecore_init_pub_ram
                0x00000000060168ec      0x114 out/arm/core/arch/arm/mm/tee_mmu.o
                0x00000000060168ec                teecore_init_pub_ram
 .text.sn_tee_mmu_map_stack
                0x0000000006016a00       0x8c out/arm/core/arch/arm/mm/tee_mmu.o
                0x0000000006016a00                sn_tee_mmu_map_stack
 .text.sn_tee_mmu_map_clear
                0x0000000006016a8c       0x38 out/arm/core/arch/arm/mm/tee_mmu.o
                0x0000000006016a8c                sn_tee_mmu_map_clear
 .text.sn_tee_mmu_set_ctx
                0x0000000006016ac4       0x50 out/arm/core/arch/arm/mm/tee_mmu.o
                0x0000000006016ac4                sn_tee_mmu_set_ctx
 .text.sn_tee_mmu_get_load_addr
                0x0000000006016b14       0x58 out/arm/core/arch/arm/mm/tee_mmu.o
                0x0000000006016b14                sn_tee_mmu_get_load_addr
 .text.sn_tee_mmu_init
                0x0000000006016b6c       0x5c out/arm/core/arch/arm/mm/tee_mmu.o
                0x0000000006016b6c                sn_tee_mmu_init
 .text.sn_tee_mmu_map_add_segment
                0x0000000006016bc8      0x608 out/arm/core/arch/arm/mm/tee_mmu.o
                0x0000000006016bc8                sn_tee_mmu_map_add_segment
 .text.isb      0x00000000060171d0        0xc out/arm/core/arch/arm/mm/core_mmu_lpae.o
 .text.dsb      0x00000000060171dc        0xc out/arm/core/arch/arm/mm/core_mmu_lpae.o
 .text.read_daif
                0x00000000060171e8       0x18 out/arm/core/arch/arm/mm/core_mmu_lpae.o
 .text.write_daif
                0x0000000006017200       0x1c out/arm/core/arch/arm/mm/core_mmu_lpae.o
 .text.read_ttbr0_el1
                0x000000000601721c       0x18 out/arm/core/arch/arm/mm/core_mmu_lpae.o
 .text.write_ttbr0_el1
                0x0000000006017234       0x1c out/arm/core/arch/arm/mm/core_mmu_lpae.o
 .text.write_ttbr1_el1
                0x0000000006017250       0x1c out/arm/core/arch/arm/mm/core_mmu_lpae.o
 .text.write_tcr_el1
                0x000000000601726c       0x1c out/arm/core/arch/arm/mm/core_mmu_lpae.o
 .text.write_mair_el1
                0x0000000006017288       0x1c out/arm/core/arch/arm/mm/core_mmu_lpae.o
 .text.core_mmu_is_dynamic_vaspace
                0x00000000060172a4       0x44 out/arm/core/arch/arm/mm/core_mmu_lpae.o
 .text.core_mmap_is_end_of_table
                0x00000000060172e8       0x24 out/arm/core/arch/arm/mm/core_mmu_lpae.o
 .text.mattr_to_desc
                0x000000000601730c      0x250 out/arm/core/arch/arm/mm/core_mmu_lpae.o
 .text.mmap_desc
                0x000000000601755c       0x34 out/arm/core/arch/arm/mm/core_mmu_lpae.o
 .text.mmap_region_attr
                0x0000000006017590       0xfc out/arm/core/arch/arm/mm/core_mmu_lpae.o
 .text.init_xlation_table
                0x000000000601768c      0x348 out/arm/core/arch/arm/mm/core_mmu_lpae.o
 .text.calc_physical_addr_size_bits
                0x00000000060179d4       0xc8 out/arm/core/arch/arm/mm/core_mmu_lpae.o
 .text.core_init_mmu_tables
                0x0000000006017a9c      0x330 out/arm/core/arch/arm/mm/core_mmu_lpae.o
                0x0000000006017a9c                core_init_mmu_tables
 .text.core_mmu_place_tee_ram_at_top
                0x0000000006017dcc       0x44 out/arm/core/arch/arm/mm/core_mmu_lpae.o
                0x0000000006017dcc                core_mmu_place_tee_ram_at_top
 .text.core_init_mmu_regs
                0x0000000006017e10       0xc4 out/arm/core/arch/arm/mm/core_mmu_lpae.o
                0x0000000006017e10                core_init_mmu_regs
 .text.core_mmu_set_info_table
                0x0000000006017ed4       0xc4 out/arm/core/arch/arm/mm/core_mmu_lpae.o
                0x0000000006017ed4                core_mmu_set_info_table
 .text.core_mmu_get_user_pgdir
                0x0000000006017f98       0x58 out/arm/core/arch/arm/mm/core_mmu_lpae.o
                0x0000000006017f98                core_mmu_get_user_pgdir
 .text.core_mmu_create_user_map
                0x0000000006017ff0       0x6c out/arm/core/arch/arm/mm/core_mmu_lpae.o
                0x0000000006017ff0                core_mmu_create_user_map
 .text.core_mmu_find_table
                0x000000000601805c      0x184 out/arm/core/arch/arm/mm/core_mmu_lpae.o
                0x000000000601805c                core_mmu_find_table
 .text.core_mmu_set_entry_primitive
                0x00000000060181e0       0x60 out/arm/core/arch/arm/mm/core_mmu_lpae.o
                0x00000000060181e0                core_mmu_set_entry_primitive
 .text.core_mmu_user_va_range_is_defined
                0x0000000006018240       0x1c out/arm/core/arch/arm/mm/core_mmu_lpae.o
                0x0000000006018240                core_mmu_user_va_range_is_defined
 .text.core_mmu_get_user_va_range
                0x000000000601825c       0x98 out/arm/core/arch/arm/mm/core_mmu_lpae.o
                0x000000000601825c                core_mmu_get_user_va_range
 .text.core_mmu_user_mapping_is_active
                0x00000000060182f4       0x84 out/arm/core/arch/arm/mm/core_mmu_lpae.o
                0x00000000060182f4                core_mmu_user_mapping_is_active
 .text.core_mmu_get_user_map
                0x0000000006018378       0xb8 out/arm/core/arch/arm/mm/core_mmu_lpae.o
                0x0000000006018378                core_mmu_get_user_map
 .text.core_mmu_set_user_map
                0x0000000006018430      0x108 out/arm/core/arch/arm/mm/core_mmu_lpae.o
                0x0000000006018430                core_mmu_set_user_map
 .text.core_mmu_get_fault_type
                0x0000000006018538       0xd4 out/arm/core/arch/arm/mm/core_mmu_lpae.o
                0x0000000006018538                core_mmu_get_fault_type
 .text.sn_core_mmu_create_user_map
                0x000000000601860c       0x58 out/arm/core/arch/arm/mm/core_mmu_lpae.o
                0x000000000601860c                sn_core_mmu_create_user_map
 .text.sn_core_mmu_get_user_pgdir
                0x0000000006018664       0x98 out/arm/core/arch/arm/mm/core_mmu_lpae.o
                0x0000000006018664                sn_core_mmu_get_user_pgdir
 .text.thread_foreign_intr_disabled
                0x00000000060186fc       0x24 out/arm/core/arch/arm/mm/tee_mm.o
 .text.cpu_spin_lock
                0x0000000006018720       0x64 out/arm/core/arch/arm/mm/tee_mm.o
 .text.cpu_spin_unlock
                0x0000000006018784       0x64 out/arm/core/arch/arm/mm/tee_mm.o
 .text.cpu_spin_lock_xsave
                0x00000000060187e8       0x2c out/arm/core/arch/arm/mm/tee_mm.o
 .text.cpu_spin_unlock_xrestore
                0x0000000006018814       0x2c out/arm/core/arch/arm/mm/tee_mm.o
 .text.tee_mm_init
                0x0000000006018840      0x190 out/arm/core/arch/arm/mm/tee_mm.o
                0x0000000006018840                tee_mm_init
 .text.tee_mm_final
                0x00000000060189d0       0x74 out/arm/core/arch/arm/mm/tee_mm.o
                0x00000000060189d0                tee_mm_final
 .text.tee_mm_add
                0x0000000006018a44       0x34 out/arm/core/arch/arm/mm/tee_mm.o
 .text.tee_mm_stats_allocated
                0x0000000006018a78       0x7c out/arm/core/arch/arm/mm/tee_mm.o
 .text.tee_mm_get_pool_stats
                0x0000000006018af4       0xbc out/arm/core/arch/arm/mm/tee_mm.o
                0x0000000006018af4                tee_mm_get_pool_stats
 .text.update_max_allocated
                0x0000000006018bb0       0x44 out/arm/core/arch/arm/mm/tee_mm.o
 .text.tee_mm_alloc
                0x0000000006018bf4      0x300 out/arm/core/arch/arm/mm/tee_mm.o
                0x0000000006018bf4                tee_mm_alloc
 .text.tee_mm_free
                0x0000000006018ef4       0xf8 out/arm/core/arch/arm/mm/tee_mm.o
                0x0000000006018ef4                tee_mm_free
 .text.tee_mm_is_empty
                0x0000000006018fec       0x9c out/arm/core/arch/arm/mm/tee_mm.o
                0x0000000006018fec                tee_mm_is_empty
 .text.tee_mm_get_smem
                0x0000000006019088       0x3c out/arm/core/arch/arm/mm/tee_mm.o
                0x0000000006019088                tee_mm_get_smem
 .text.pgt_init
                0x00000000060190c4       0x88 out/arm/core/arch/arm/mm/pgt_cache.o
                0x00000000060190c4                pgt_init
 .text.pop_from_free_list
                0x000000000601914c       0x60 out/arm/core/arch/arm/mm/pgt_cache.o
 .text.push_to_free_list
                0x00000000060191ac       0x38 out/arm/core/arch/arm/mm/pgt_cache.o
 .text.pgt_free_unlocked
                0x00000000060191e4       0x58 out/arm/core/arch/arm/mm/pgt_cache.o
 .text.pop_from_some_list
                0x000000000601923c       0x1c out/arm/core/arch/arm/mm/pgt_cache.o
 .text.pgt_alloc_unlocked
                0x0000000006019258      0x10c out/arm/core/arch/arm/mm/pgt_cache.o
 .text.pgt_alloc
                0x0000000006019364       0xdc out/arm/core/arch/arm/mm/pgt_cache.o
                0x0000000006019364                pgt_alloc
 .text.pgt_free
                0x0000000006019440       0x60 out/arm/core/arch/arm/mm/pgt_cache.o
                0x0000000006019440                pgt_free
 .text.sn_pgt_free_unlocked
                0x00000000060194a0       0x54 out/arm/core/arch/arm/mm/pgt_cache.o
 .text.sn_pgt_alloc_unlocked
                0x00000000060194f4       0xe0 out/arm/core/arch/arm/mm/pgt_cache.o
 .text.sn_pgt_alloc
                0x00000000060195d4       0x6c out/arm/core/arch/arm/mm/pgt_cache.o
                0x00000000060195d4                sn_pgt_alloc
 .text.thread_foreign_intr_disabled
                0x0000000006019640       0x24 out/arm/core/arch/arm/mm/mobj.o
 .text.cpu_spin_lock
                0x0000000006019664       0x64 out/arm/core/arch/arm/mm/mobj.o
 .text.cpu_spin_unlock
                0x00000000060196c8       0x64 out/arm/core/arch/arm/mm/mobj.o
 .text.cpu_spin_lock_xsave
                0x000000000601972c       0x2c out/arm/core/arch/arm/mm/mobj.o
 .text.cpu_spin_unlock_xrestore
                0x0000000006019758       0x2c out/arm/core/arch/arm/mm/mobj.o
 .text.mobj_get_va
                0x0000000006019784       0x68 out/arm/core/arch/arm/mm/mobj.o
 .text.mobj_get_pa
                0x00000000060197ec       0x78 out/arm/core/arch/arm/mm/mobj.o
 .text.mobj_get_cattr
                0x0000000006019864       0x68 out/arm/core/arch/arm/mm/mobj.o
 .text.mobj_matches
                0x00000000060198cc       0x6c out/arm/core/arch/arm/mm/mobj.o
 .text.mobj_free
                0x0000000006019938       0x5c out/arm/core/arch/arm/mm/mobj.o
 .text.mobj_phys_get_va
                0x0000000006019994       0x4c out/arm/core/arch/arm/mm/mobj.o
 .text.mobj_phys_get_pa
                0x00000000060199e0       0xa4 out/arm/core/arch/arm/mm/mobj.o
 .text.mobj_phys_get_cattr
                0x0000000006019a84       0x4c out/arm/core/arch/arm/mm/mobj.o
 .text.mobj_phys_matches
                0x0000000006019ad0       0xdc out/arm/core/arch/arm/mm/mobj.o
 .text.mobj_phys_free
                0x0000000006019bac       0x2c out/arm/core/arch/arm/mm/mobj.o
 .text.to_mobj_phys
                0x0000000006019bd8       0x60 out/arm/core/arch/arm/mm/mobj.o
 .text.mobj_phys_alloc
                0x0000000006019c38      0x1a4 out/arm/core/arch/arm/mm/mobj.o
                0x0000000006019c38                mobj_phys_alloc
 .text.mobj_virt_get_va
                0x0000000006019ddc       0x24 out/arm/core/arch/arm/mm/mobj.o
 .text.mobj_virt_assert_type
                0x0000000006019e00       0x58 out/arm/core/arch/arm/mm/mobj.o
 .text.mobj_mm_offs
                0x0000000006019e58       0x4c out/arm/core/arch/arm/mm/mobj.o
 .text.mobj_mm_get_va
                0x0000000006019ea4       0x44 out/arm/core/arch/arm/mm/mobj.o
 .text.mobj_mm_get_pa
                0x0000000006019ee8       0x54 out/arm/core/arch/arm/mm/mobj.o
 .text.mobj_mm_get_cattr
                0x0000000006019f3c       0x2c out/arm/core/arch/arm/mm/mobj.o
 .text.mobj_mm_matches
                0x0000000006019f68       0x30 out/arm/core/arch/arm/mm/mobj.o
 .text.mobj_mm_free
                0x0000000006019f98       0x38 out/arm/core/arch/arm/mm/mobj.o
 .text.to_mobj_mm
                0x0000000006019fd0       0x64 out/arm/core/arch/arm/mm/mobj.o
 .text.mobj_mm_alloc
                0x000000000601a034       0xa8 out/arm/core/arch/arm/mm/mobj.o
                0x000000000601a034                mobj_mm_alloc
 .text.mobj_reg_shm_get_pa
                0x000000000601a0dc       0xf4 out/arm/core/arch/arm/mm/mobj.o
 .text.mobj_reg_shm_free
                0x000000000601a1d0       0xcc out/arm/core/arch/arm/mm/mobj.o
 .text.mobj_reg_shm_get_cattr
                0x000000000601a29c       0x38 out/arm/core/arch/arm/mm/mobj.o
 .text.to_mobj_reg_shm
                0x000000000601a2d4       0x60 out/arm/core/arch/arm/mm/mobj.o
 .text.mobj_mapped_shm_get_pa
                0x000000000601a334       0x44 out/arm/core/arch/arm/mm/mobj.o
 .text.mobj_mapped_shm_get_va
                0x000000000601a378       0x58 out/arm/core/arch/arm/mm/mobj.o
 .text.mobj_mapped_shm_free
                0x000000000601a3d0       0x6c out/arm/core/arch/arm/mm/mobj.o
 .text.mobj_mapped_shm_get_cattr
                0x000000000601a43c       0x38 out/arm/core/arch/arm/mm/mobj.o
 .text.mobj_mapped_shm_matches
                0x000000000601a474       0x90 out/arm/core/arch/arm/mm/mobj.o
 .text.to_mobj_mapped_shm
                0x000000000601a504       0x60 out/arm/core/arch/arm/mm/mobj.o
 .text.mobj_mapped_shm_init
                0x000000000601a564       0xf8 out/arm/core/arch/arm/mm/mobj.o
 .text.mobj_shm_get_va
                0x000000000601a65c       0x58 out/arm/core/arch/arm/mm/mobj.o
 .text.mobj_shm_get_pa
                0x000000000601a6b4       0xb8 out/arm/core/arch/arm/mm/mobj.o
 .text.mobj_shm_matches
                0x000000000601a76c       0x40 out/arm/core/arch/arm/mm/mobj.o
 .text.mobj_shm_free
                0x000000000601a7ac       0x2c out/arm/core/arch/arm/mm/mobj.o
 .text.to_mobj_shm
                0x000000000601a7d8       0x60 out/arm/core/arch/arm/mm/mobj.o
 .text.mobj_shm_alloc
                0x000000000601a838       0x94 out/arm/core/arch/arm/mm/mobj.o
                0x000000000601a838                mobj_shm_alloc
 .text.arch_svc_asm
                0x000000000601a8cc      0x12c out/arm/core/arch/arm/tee/arch_svc_a64.o
                0x000000000601a8cc                tee_svc_do_call
                0x000000000601a9b8                syscall_sys_return
                0x000000000601a9c8                syscall_panic
                0x000000000601a9dc                tee_proc_svc_do_call
 .text.read_daif
                0x000000000601a9f8       0x18 out/arm/core/arch/arm/tee/arch_svc.o
 .text.tee_ta_update_session_utime_suspend
                0x000000000601aa10        0x8 out/arm/core/arch/arm/tee/arch_svc.o
 .text.tee_ta_update_session_utime_resume
                0x000000000601aa18        0x8 out/arm/core/arch/arm/tee/arch_svc.o
 .text.trace_syscall
                0x000000000601aa20       0x14 out/arm/core/arch/arm/tee/arch_svc.o
 .text.get_scn_max_args
                0x000000000601aa34       0x6c out/arm/core/arch/arm/tee/arch_svc.o
 .text.set_svc_retval
                0x000000000601aaa0       0x24 out/arm/core/arch/arm/tee/arch_svc.o
 .text.tee_svc_handler
                0x000000000601aac4       0xf0 out/arm/core/arch/arm/tee/arch_svc.o
                0x000000000601aac4                tee_svc_handler
 .text.tee_svc_sys_return_helper
                0x000000000601abb4       0xd8 out/arm/core/arch/arm/tee/arch_svc.o
                0x000000000601abb4                tee_svc_sys_return_helper
 .text.tee_proc_svc_handler
                0x000000000601ac8c       0xdc out/arm/core/arch/arm/tee/arch_svc.o
                0x000000000601ac8c                tee_proc_svc_handler
 .text.msg_param_get_buf_size
                0x000000000601ad68       0x54 out/arm/core/arch/arm/tee/pta_socket.o
 .text.get_instance_id
                0x000000000601adbc       0x30 out/arm/core/arch/arm/tee/pta_socket.o
 .text.socket_open
                0x000000000601adec      0x1b8 out/arm/core/arch/arm/tee/pta_socket.o
 .text.socket_close
                0x000000000601afa4       0xb4 out/arm/core/arch/arm/tee/pta_socket.o
 .text.socket_send
                0x000000000601b058      0x194 out/arm/core/arch/arm/tee/pta_socket.o
 .text.socket_recv
                0x000000000601b1ec      0x1bc out/arm/core/arch/arm/tee/pta_socket.o
 .text.socket_ioctl
                0x000000000601b3a8      0x1f4 out/arm/core/arch/arm/tee/pta_socket.o
 .text.pta_socket_open_session
                0x000000000601b59c       0x54 out/arm/core/arch/arm/tee/pta_socket.o
 .text.pta_socket_close_session
                0x000000000601b5f0       0x8c out/arm/core/arch/arm/tee/pta_socket.o
 .text.pta_socket_invoke_command
                0x000000000601b67c       0x6c out/arm/core/arch/arm/tee/pta_socket.o
 .text.core_mmu_is_shm_cached
                0x000000000601b6e8       0x28 out/arm/core/arch/arm/tee/entry_std.o
 .text.bm_timestamp
                0x000000000601b710        0x8 out/arm/core/arch/arm/tee/entry_std.o
 .text.mobj_get_va
                0x000000000601b718       0x68 out/arm/core/arch/arm/tee/entry_std.o
 .text.mobj_get_pa
                0x000000000601b780       0x78 out/arm/core/arch/arm/tee/entry_std.o
 .text.mobj_matches
                0x000000000601b7f8       0x6c out/arm/core/arch/arm/tee/entry_std.o
 .text.mobj_free
                0x000000000601b864       0x5c out/arm/core/arch/arm/tee/entry_std.o
 .text.mobj_is_nonsec
                0x000000000601b8c0       0x24 out/arm/core/arch/arm/tee/entry_std.o
 .text.param_mem_from_mobj
                0x000000000601b8e4       0xf0 out/arm/core/arch/arm/tee/entry_std.o
 .text.assign_mobj_to_param_mem
                0x000000000601b9d4       0x54 out/arm/core/arch/arm/tee/entry_std.o
 .text.copy_in_params
                0x000000000601ba28      0x290 out/arm/core/arch/arm/tee/entry_std.o
 .text.copy_out_param
                0x000000000601bcb8      0x124 out/arm/core/arch/arm/tee/entry_std.o
 .text.get_open_session_meta
                0x000000000601bddc      0x120 out/arm/core/arch/arm/tee/entry_std.o
 .text.entry_open_session
                0x000000000601befc      0x1a0 out/arm/core/arch/arm/tee/entry_std.o
 .text.entry_close_session
                0x000000000601c09c       0x88 out/arm/core/arch/arm/tee/entry_std.o
 .text.entry_invoke_command
                0x000000000601c124      0x108 out/arm/core/arch/arm/tee/entry_std.o
 .text.entry_cancel
                0x000000000601c22c       0xb8 out/arm/core/arch/arm/tee/entry_std.o
 .text.get_cmd_buffer
                0x000000000601c2e4       0x70 out/arm/core/arch/arm/tee/entry_std.o
 .text.tee_entry_std
                0x000000000601c354      0x260 out/arm/core/arch/arm/tee/entry_std.o
                0x000000000601c354                tee_entry_std
 .text.default_mobj_init
                0x000000000601c5b4      0x154 out/arm/core/arch/arm/tee/entry_std.o
 .text.core_mmu_is_shm_cached
                0x000000000601c708       0x28 out/arm/core/arch/arm/tee/entry_fast.o
 .text.tee_entry_get_shm_config
                0x000000000601c730       0x5c out/arm/core/arch/arm/tee/entry_fast.o
 .text.tee_entry_fastcall_l2cc_mutex
                0x000000000601c78c       0x60 out/arm/core/arch/arm/tee/entry_fast.o
 .text.tee_entry_exchange_capabilities
                0x000000000601c7ec       0x48 out/arm/core/arch/arm/tee/entry_fast.o
 .text.tee_entry_disable_shm_cache
                0x000000000601c834       0x80 out/arm/core/arch/arm/tee/entry_fast.o
 .text.tee_entry_enable_shm_cache
                0x000000000601c8b4       0x40 out/arm/core/arch/arm/tee/entry_fast.o
 .text.tee_entry_boot_secondary
                0x000000000601c8f4       0x20 out/arm/core/arch/arm/tee/entry_fast.o
 .text.tee_entry_fast
                0x000000000601c914      0x1a0 out/arm/core/arch/arm/tee/entry_fast.o
                0x000000000601c914                tee_entry_fast
 .text.tee_entry_generic_get_api_call_count
                0x000000000601cab4        0x8 out/arm/core/arch/arm/tee/entry_fast.o
                0x000000000601cab4                tee_entry_generic_get_api_call_count
 .text.tee_entry_get_api_call_count
                0x000000000601cabc       0x28 out/arm/core/arch/arm/tee/entry_fast.o
                0x000000000601cabc                tee_entry_get_api_call_count
 .text.tee_entry_get_api_uuid
                0x000000000601cae4       0x54 out/arm/core/arch/arm/tee/entry_fast.o
                0x000000000601cae4                tee_entry_get_api_uuid
 .text.tee_entry_get_api_revision
                0x000000000601cb38       0x28 out/arm/core/arch/arm/tee/entry_fast.o
                0x000000000601cb38                tee_entry_get_api_revision
 .text.tee_entry_get_os_uuid
                0x000000000601cb60       0x54 out/arm/core/arch/arm/tee/entry_fast.o
                0x000000000601cb60                tee_entry_get_os_uuid
 .text.tee_entry_get_os_revision
                0x000000000601cbb4       0x2c out/arm/core/arch/arm/tee/entry_fast.o
                0x000000000601cbb4                tee_entry_get_os_revision
 .text.call_initcalls
                0x000000000601cbe0       0x8c out/arm/core/arch/arm/tee/init.o
 .text.init_teecore
                0x000000000601cc6c       0x7c out/arm/core/arch/arm/tee/init.o
                0x000000000601cc6c                init_teecore
 .text.cache_op_outer
                0x000000000601cce8       0x1c out/arm/core/arch/arm/tee/cache.o
 .text.cache_operation
                0x000000000601cd04       0xec out/arm/core/arch/arm/tee/cache.o
                0x000000000601cd04                cache_operation
 .text.test_trace
                0x000000000601cdf0       0x4c out/arm/core/arch/arm/pta/pta_invoke_tests.o
 .text.test_entry_params
                0x000000000601ce3c      0x8c8 out/arm/core/arch/arm/pta/pta_invoke_tests.o
 .text.test_inject_sdp
                0x000000000601d704      0x184 out/arm/core/arch/arm/pta/pta_invoke_tests.o
 .text.test_transform_sdp
                0x000000000601d888      0x148 out/arm/core/arch/arm/pta/pta_invoke_tests.o
 .text.test_dump_sdp
                0x000000000601d9d0      0x184 out/arm/core/arch/arm/pta/pta_invoke_tests.o
 .text.create_ta
                0x000000000601db54       0x44 out/arm/core/arch/arm/pta/pta_invoke_tests.o
 .text.destroy_ta
                0x000000000601db98       0x44 out/arm/core/arch/arm/pta/pta_invoke_tests.o
 .text.open_session
                0x000000000601dbdc       0x50 out/arm/core/arch/arm/pta/pta_invoke_tests.o
 .text.close_session
                0x000000000601dc2c       0x48 out/arm/core/arch/arm/pta/pta_invoke_tests.o
 .text.invoke_command
                0x000000000601dc74      0x108 out/arm/core/arch/arm/pta/pta_invoke_tests.o
 .text.self_test_add_overflow
                0x000000000601dd7c      0x24c out/arm/core/arch/arm/pta/core_self_tests.o
 .text.self_test_sub_overflow
                0x000000000601dfc8      0x120 out/arm/core/arch/arm/pta/core_self_tests.o
 .text.self_test_mul_unsigned_overflow
                0x000000000601e0e8      0x1e4 out/arm/core/arch/arm/pta/core_self_tests.o
 .text.self_test_mul_signed_overflow
                0x000000000601e2cc      0x298 out/arm/core/arch/arm/pta/core_self_tests.o
 .text.self_test_division
                0x000000000601e564      0x26c out/arm/core/arch/arm/pta/core_self_tests.o
 .text.self_test_malloc
                0x000000000601e7d0      0x374 out/arm/core/arch/arm/pta/core_self_tests.o
 .text.core_self_tests
                0x000000000601eb44       0x90 out/arm/core/arch/arm/pta/core_self_tests.o
                0x000000000601eb44                core_self_tests
 .text.ihandler_ok
                0x000000000601ebd4       0xe8 out/arm/core/arch/arm/pta/interrupt_tests.o
 .text.test_sgi
                0x000000000601ecbc      0x1b8 out/arm/core/arch/arm/pta/interrupt_tests.o
 .text.test_spi
                0x000000000601ee74      0x10c out/arm/core/arch/arm/pta/interrupt_tests.o
 .text.test_ppi
                0x000000000601ef80       0x94 out/arm/core/arch/arm/pta/interrupt_tests.o
 .text.interrupt_tests
                0x000000000601f014       0xac out/arm/core/arch/arm/pta/interrupt_tests.o
 .text.invoke_command
                0x000000000601f0c0      0x1ac out/arm/core/arch/arm/pta/interrupt_tests.o
 .text.test_get_offs_size
                0x000000000601f26c      0x1d8 out/arm/core/arch/arm/pta/core_fs_htree_tests.o
 .text.test_read_init
                0x000000000601f444       0xa8 out/arm/core/arch/arm/pta/core_fs_htree_tests.o
 .text.uint_to_ptr
                0x000000000601f4ec       0x14 out/arm/core/arch/arm/pta/core_fs_htree_tests.o
 .text.test_read_final
                0x000000000601f500       0xd4 out/arm/core/arch/arm/pta/core_fs_htree_tests.o
 .text.test_write_init
                0x000000000601f5d4       0x44 out/arm/core/arch/arm/pta/core_fs_htree_tests.o
 .text.test_write_final
                0x000000000601f618       0xd8 out/arm/core/arch/arm/pta/core_fs_htree_tests.o
 .text.val_from_bn_n_salt
                0x000000000601f6f0       0xa4 out/arm/core/arch/arm/pta/core_fs_htree_tests.o
 .text.write_block
                0x000000000601f794       0x74 out/arm/core/arch/arm/pta/core_fs_htree_tests.o
 .text.read_block
                0x000000000601f808       0xf8 out/arm/core/arch/arm/pta/core_fs_htree_tests.o
 .text.do_range
                0x000000000601f900       0xbc out/arm/core/arch/arm/pta/core_fs_htree_tests.o
 .text.do_range_backwards
                0x000000000601f9bc       0xc8 out/arm/core/arch/arm/pta/core_fs_htree_tests.o
 .text.htree_test_rewrite
                0x000000000601fa84      0xa18 out/arm/core/arch/arm/pta/core_fs_htree_tests.o
 .text.core_fs_htree_tests
                0x000000000602049c      0x1d4 out/arm/core/arch/arm/pta/core_fs_htree_tests.o
                0x000000000602049c                core_fs_htree_tests
 .text.tee_pager_get_stats
                0x0000000006020670       0x28 out/arm/core/arch/arm/pta/stats.o
 .text.get_alloc_stats
                0x0000000006020698      0x210 out/arm/core/arch/arm/pta/stats.o
 .text.get_pager_stats
                0x00000000060208a8       0xbc out/arm/core/arch/arm/pta/stats.o
 .text.invoke_command
                0x0000000006020964       0x5c out/arm/core/arch/arm/pta/stats.o
 .text.isb      0x00000000060209c0        0xc out/arm/core/arch/arm/plat-vexpress/main.o
 .text.read_cntpct_el0
                0x00000000060209cc       0x18 out/arm/core/arch/arm/plat-vexpress/main.o
 .text.read_cntfrq_el0
                0x00000000060209e4       0x18 out/arm/core/arch/arm/plat-vexpress/main.o
 .text.read_cntps_ctl_el1
                0x00000000060209fc       0x18 out/arm/core/arch/arm/plat-vexpress/main.o
 .text.write_cntps_cval_el1
                0x0000000006020a14       0x1c out/arm/core/arch/arm/plat-vexpress/main.o
 .text.write_cntps_ctl_el1
                0x0000000006020a30       0x1c out/arm/core/arch/arm/plat-vexpress/main.o
 .text.generic_boot_get_handlers
                0x0000000006020a4c        0xc out/arm/core/arch/arm/plat-vexpress/main.o
                0x0000000006020a4c                generic_boot_get_handlers
 .text.main_init_gic
                0x0000000006020a58       0x8c out/arm/core/arch/arm/plat-vexpress/main.o
                0x0000000006020a58                main_init_gic
 .text.main_fiq
                0x0000000006020ae4       0xec out/arm/core/arch/arm/plat-vexpress/main.o
 .text.console_init
                0x0000000006020bd0       0x3c out/arm/core/arch/arm/plat-vexpress/main.o
                0x0000000006020bd0                console_init
 .text.console_itr_cb
                0x0000000006020c0c       0x94 out/arm/core/arch/arm/plat-vexpress/main.o
 .text.init_console_itr
                0x0000000006020ca0       0x28 out/arm/core/arch/arm/plat-vexpress/main.o
 .text.reset_secure_timer
                0x0000000006020cc8       0x9c out/arm/core/arch/arm/plat-vexpress/main.o
 .text.timer_itr_cb
                0x0000000006020d64       0x58 out/arm/core/arch/arm/plat-vexpress/main.o
 .text.init_secure_timer
                0x0000000006020dbc       0x28 out/arm/core/arch/arm/plat-vexpress/main.o
 .text.get_prop_endorsement
                0x0000000006020de4      0x200 out/arm/core/arch/arm/plat-vexpress/vendor_props.o
 .text._assert_log
                0x0000000006020fe4       0x60 out/arm/core/kernel/assert.o
                0x0000000006020fe4                _assert_log
 .text._assert_break
                0x0000000006021044       0x28 out/arm/core/kernel/assert.o
                0x0000000006021044                _assert_break
 .text.console_putc
                0x000000000602106c       0x8c out/arm/core/kernel/console.o
                0x000000000602106c                console_putc
 .text.console_flush
                0x00000000060210f8       0x50 out/arm/core/kernel/console.o
                0x00000000060210f8                console_flush
 .text.register_serial_console
                0x0000000006021148       0x24 out/arm/core/kernel/console.o
                0x0000000006021148                register_serial_console
 .text.mobj_get_pa
                0x000000000602116c       0x78 out/arm/core/kernel/msg_param.o
 .text.mobj_matches
                0x00000000060211e4       0x6c out/arm/core/kernel/msg_param.o
 .text.msg_param_init_memparam
                0x0000000006021250      0x194 out/arm/core/kernel/msg_param.o
                0x0000000006021250                msg_param_init_memparam
 .text.is_pseudo_ta_ctx
                0x00000000060213e4       0x28 out/arm/core/kernel/tee_ta_manager.o
 .text.pgt_flush_ctx
                0x000000000602140c       0x14 out/arm/core/kernel/tee_ta_manager.o
 .text.is_user_ta_ctx
                0x0000000006021420       0x28 out/arm/core/kernel/tee_ta_manager.o
 .text.to_user_ta_ctx
                0x0000000006021448       0x68 out/arm/core/kernel/tee_ta_manager.o
 .text.lock_single_instance
                0x00000000060214b0       0xc8 out/arm/core/kernel/tee_ta_manager.o
 .text.unlock_single_instance
                0x0000000006021578       0xe0 out/arm/core/kernel/tee_ta_manager.o
 .text.has_single_instance_lock
                0x0000000006021658       0x30 out/arm/core/kernel/tee_ta_manager.o
 .text.tee_ta_try_set_busy
                0x0000000006021688       0xc8 out/arm/core/kernel/tee_ta_manager.o
 .text.tee_ta_set_busy
                0x0000000006021750       0x54 out/arm/core/kernel/tee_ta_manager.o
 .text.tee_ta_clear_busy
                0x00000000060217a4       0x9c out/arm/core/kernel/tee_ta_manager.o
 .text.dec_session_ref_count
                0x0000000006021840       0x80 out/arm/core/kernel/tee_ta_manager.o
 .text.tee_ta_put_session
                0x00000000060218c0       0x6c out/arm/core/kernel/tee_ta_manager.o
                0x00000000060218c0                tee_ta_put_session
 .text.find_session
                0x000000000602192c       0x58 out/arm/core/kernel/tee_ta_manager.o
 .text.tee_ta_get_session
                0x0000000006021984      0x15c out/arm/core/kernel/tee_ta_manager.o
                0x0000000006021984                tee_ta_get_session
 .text.tee_ta_unlink_session
                0x0000000006021ae0      0x17c out/arm/core/kernel/tee_ta_manager.o
 .text.tee_ta_context_find
                0x0000000006021c5c       0x64 out/arm/core/kernel/tee_ta_manager.o
 .text.check_client
                0x0000000006021cc0       0xcc out/arm/core/kernel/tee_ta_manager.o
 .text.check_params
                0x0000000006021d8c       0x18 out/arm/core/kernel/tee_ta_manager.o
 .text.set_invoke_timeout
                0x0000000006021da4      0x150 out/arm/core/kernel/tee_ta_manager.o
 .text.tee_ta_close_session
                0x0000000006021ef4      0x2cc out/arm/core/kernel/tee_ta_manager.o
                0x0000000006021ef4                tee_ta_close_session
 .text.tee_ta_init_session_with_context
                0x00000000060221c0       0xc4 out/arm/core/kernel/tee_ta_manager.o
 .text.tee_ta_init_session
                0x0000000006022284      0x1cc out/arm/core/kernel/tee_ta_manager.o
 .text.tee_ta_open_session
                0x0000000006022450      0x264 out/arm/core/kernel/tee_ta_manager.o
                0x0000000006022450                tee_ta_open_session
 .text.tee_ta_invoke_command
                0x00000000060226b4      0x170 out/arm/core/kernel/tee_ta_manager.o
                0x00000000060226b4                tee_ta_invoke_command
 .text.tee_ta_cancel_command
                0x0000000006022824       0x54 out/arm/core/kernel/tee_ta_manager.o
                0x0000000006022824                tee_ta_cancel_command
 .text.tee_ta_session_is_cancelled
                0x0000000006022878       0xe4 out/arm/core/kernel/tee_ta_manager.o
                0x0000000006022878                tee_ta_session_is_cancelled
 .text.update_current_ctx
                0x000000000602295c      0x10c out/arm/core/kernel/tee_ta_manager.o
 .text.tee_ta_push_current_session
                0x0000000006022a68       0x88 out/arm/core/kernel/tee_ta_manager.o
                0x0000000006022a68                tee_ta_push_current_session
 .text.tee_ta_pop_current_session
                0x0000000006022af0       0x88 out/arm/core/kernel/tee_ta_manager.o
                0x0000000006022af0                tee_ta_pop_current_session
 .text.tee_ta_get_current_session
                0x0000000006022b78       0x44 out/arm/core/kernel/tee_ta_manager.o
                0x0000000006022b78                tee_ta_get_current_session
 .text.tee_ta_get_calling_session
                0x0000000006022bbc       0x38 out/arm/core/kernel/tee_ta_manager.o
                0x0000000006022bbc                tee_ta_get_calling_session
 .text.dump_state
                0x0000000006022bf4       0xcc out/arm/core/kernel/tee_ta_manager.o
 .text.tee_ta_dump_current
                0x0000000006022cc0       0x58 out/arm/core/kernel/tee_ta_manager.o
                0x0000000006022cc0                tee_ta_dump_current
 .text.tee_ta_exec
                0x0000000006022d18       0x98 out/arm/core/kernel/tee_ta_manager.o
                0x0000000006022d18                tee_ta_exec
 .text.is_valid_conf_and_notnull_size
                0x0000000006022db0       0x80 out/arm/core/kernel/tee_misc.o
 .text._core_is_buffer_inside
                0x0000000006022e30       0x94 out/arm/core/kernel/tee_misc.o
                0x0000000006022e30                _core_is_buffer_inside
 .text._core_is_buffer_intersect
                0x0000000006022ec4       0x8c out/arm/core/kernel/tee_misc.o
                0x0000000006022ec4                _core_is_buffer_intersect
 .text.__do_panic
                0x0000000006022f50      0x1a4 out/arm/core/kernel/panic.o
                0x0000000006022f50                __do_panic
 .text.itr_init
                0x00000000060230f4       0x24 out/arm/core/kernel/interrupt.o
                0x00000000060230f4                itr_init
 .text.find_handler
                0x0000000006023118       0x5c out/arm/core/kernel/interrupt.o
 .text.itr_handle
                0x0000000006023174       0xe8 out/arm/core/kernel/interrupt.o
                0x0000000006023174                itr_handle
 .text.itr_add  0x000000000602325c       0x78 out/arm/core/kernel/interrupt.o
                0x000000000602325c                itr_add
 .text.itr_enable
                0x00000000060232d4       0x40 out/arm/core/kernel/interrupt.o
                0x00000000060232d4                itr_enable
 .text.itr_raise_pi
                0x0000000006023314       0x40 out/arm/core/kernel/interrupt.o
                0x0000000006023314                itr_raise_pi
 .text.itr_raise_sgi
                0x0000000006023354       0x48 out/arm/core/kernel/interrupt.o
                0x0000000006023354                itr_raise_sgi
 .text.itr_set_affinity
                0x000000000602339c       0x48 out/arm/core/kernel/interrupt.o
                0x000000000602339c                itr_set_affinity
 .text.tee_hash_get_digest_size
                0x00000000060233e4      0x1a4 out/arm/core/tee/tee_cryp_utl.o
                0x00000000060233e4                tee_hash_get_digest_size
 .text.tee_hash_createdigest
                0x0000000006023588      0x18c out/arm/core/tee/tee_cryp_utl.o